02-25 15:26:01.159   780   835 D SplashScreenView: Icon: view: android.widget.ImageView{4e226ec V.ED..... ......I. 0,0-0,0 #10204f0 android:id/splashscreen_icon_view} drawable: com.android.wm.shell.startingsurface.SplashscreenIconDrawableFactory$ImmobileIconDrawable@2aeaab5 size: 320
02-25 15:26:01.159   780   835 D SplashScreenView: Branding: view: android.view.View{960054a G.ED..... ......I. 0,0-0,0 #10204ef android:id/splashscreen_branding_view} drawable: null size w: 0 h: 0
02-25 15:26:01.173  1046  1725 D EGL_emulation: app_time_stats: avg=576.76ms min=157.38ms max=996.15ms count=2
02-25 15:26:01.179  1046  1046 D b/260135164: updateIconAlphaForHome - setIconsAlpha(0), isTaskbarPresent: true
02-25 15:26:01.180  7320  7320 I cpservermanager: Late-enabling -Xcheck:jni
02-25 15:26:01.189   556   580 I ActivityTaskManager: Config changes=20000580 {1.0 310mcc260mnc [en_US] ldltr sw800dp w800dp h1196dp 320dpi xlrg port finger qwerty/v/v dpad/v winConfig={ mBounds=Rect(0, 0 - 1600, 2560) mAppBounds=Rect(0, 0 - 1600, 2440) mMaxBounds=Rect(0, 0 - 1600, 2560) mDisplayRotation=ROTATION_0 mWindowingMode=fullscreen mDisplayWindowingMode=fullscreen mActivityType=undefined mAlwaysOnTop=undefined mRotation=ROTATION_0} s.360 fontWeightAdjustment=0}
02-25 15:26:01.197   556   580 W ActivityTaskManager: Current config: {1.0 310mcc260mnc [en_US] ldltr sw800dp w1280dp h716dp 320dpi lrg long land finger qwerty/v/v dpad/v winConfig={ mBounds=Rect(0, 0 - 2560, 1600) mAppBounds=Rect(0, 0 - 2560, 1480) mMaxBounds=Rect(0, 0 - 2560, 1600) mDisplayRotation=ROTATION_90 mWindowingMode=fullscreen mDisplayWindowingMode=fullscreen mActivityType=undefined mAlwaysOnTop=undefined mRotation=ROTATION_90} s.360 fontWeightAdjustment=0} unchanged for IME proc com.google.android.inputmethod.latin
02-25 15:26:01.198  1046  1046 D b/260135164: updateIconAlphaForHome - setIconsAlpha(0), isTaskbarPresent: true
02-25 15:26:01.200   556   580 I WindowManager: Override config changes=20000580 {1.0 310mcc260mnc [en_US] ldltr sw800dp w800dp h1196dp 320dpi xlrg port finger qwerty/v/v dpad/v winConfig={ mBounds=Rect(0, 0 - 1600, 2560) mAppBounds=Rect(0, 0 - 1600, 2440) mMaxBounds=Rect(0, 0 - 1600, 2560) mDisplayRotation=ROTATION_0 mWindowingMode=fullscreen mDisplayWindowingMode=fullscreen mActivityType=undefined mAlwaysOnTop=undefined mRotation=ROTATION_0} s.360 fontWeightAdjustment=0} for displayId=0
02-25 15:26:01.223  7320  7320 I cpservermanager: Using CollectorTypeCC GC.
02-25 15:26:01.225  7320  7320 W cpservermanager: Unexpected CPU variant for x86: x86_64.
02-25 15:26:01.225  7320  7320 W cpservermanager: Known variants: atom, sandybridge, silvermont, goldmont, goldmont-plus, tremont, kabylake, default
02-25 15:26:01.257   780   780 I NoBackGesture: NavbarController: newConfig={1.0 310mcc260mnc [en_US] ldltr sw800dp w800dp h1196dp 320dpi xlrg port finger qwerty/v/v dpad/v winConfig={ mBounds=Rect(0, 0 - 1600, 2560) mAppBounds=Rect(0, 0 - 1600, 2440) mMaxBounds=Rect(0, 0 - 1600, 2560) mDisplayRotation=ROTATION_0 mWindowingMode=fullscreen mDisplayWindowingMode=fullscreen mActivityType=undefined mAlwaysOnTop=undefined mRotation=ROTATION_0} s.389 fontWeightAdjustment=0} mTaskbarDelegate initialized=true willApplyConfigToNavbars=false navBarCount=0
02-25 15:26:01.259   780   780 I NoBackGesture: Config changed: newConfig={1.0 310mcc260mnc [en_US] ldltr sw800dp w800dp h1196dp 320dpi xlrg port finger qwerty/v/v dpad/v winConfig={ mBounds=Rect(0, 0 - 1600, 2560) mAppBounds=Rect(0, 0 - 1600, 2440) mMaxBounds=Rect(0, 0 - 1600, 2560) mDisplayRotation=ROTATION_0 mWindowingMode=fullscreen mDisplayWindowingMode=fullscreen mActivityType=undefined mAlwaysOnTop=undefined mRotation=ROTATION_0} s.389 fontWeightAdjustment=0} lastReportedConfig={1.0 310mcc260mnc [en_US] ldltr sw800dp w1280dp h716dp 320dpi lrg long land finger qwerty/v/v dpad/v winConfig={ mBounds=Rect(0, 0 - 2560, 1600) mAppBounds=Rect(0, 0 - 2560, 1480) mMaxBounds=Rect(0, 0 - 2560, 1600) mDisplayRotation=ROTATION_90 mWindowingMode=fullscreen mDisplayWindowingMode=fullscreen mActivityType=undefined mAlwaysOnTop=undefined mRotation=ROTATION_90} s.355 fontWeightAdjustment=0}
02-25 15:26:01.259  1046  1046 D b/260135164: updateIconAlphaForHome - setIconsAlpha(0), isTaskbarPresent: true
02-25 15:26:01.261   437   453 I adbd    : jdwp connection from 7320
02-25 15:26:01.264  1046  1046 D b/260135164: updateIconAlphaForHome - setIconsAlpha(0), isTaskbarPresent: true
02-25 15:26:01.268   556   580 W ImageReader_JNI: Unable to acquire a buffer item, very likely client tried to acquire more than maxImages buffers
02-25 15:26:01.274   780   780 D CentralSurfaces: Received new disable state: enaihbcrso.qingr (unchanged)
02-25 15:26:01.284   556   580 V ActivityTaskManager: Sending to IME proc com.google.android.inputmethod.latin new config {1.0 310mcc260mnc [en_US] ldltr sw800dp w800dp h1196dp 320dpi xlrg port finger qwerty/v/v dpad/v winConfig={ mBounds=Rect(0, 0 - 1600, 2560) mAppBounds=Rect(0, 0 - 1600, 2440) mMaxBounds=Rect(0, 0 - 1600, 2560) mDisplayRotation=ROTATION_0 mWindowingMode=fullscreen mDisplayWindowingMode=fullscreen mActivityType=undefined mAlwaysOnTop=undefined mRotation=ROTATION_0} s.391 fontWeightAdjustment=0}
02-25 15:26:01.289  1447  1447 W GoogleInputMethodService: GoogleInputMethodService.onConfigurationChanged():1557 onConfigurationChanged() : NewConfig = {1.0 310mcc260mnc [en_US] ldltr sw800dp w800dp h1196dp 320dpi xlrg port finger qwerty/v/v dpad/v winConfig={ mBounds=Rect(0, 0 - 1600, 2560) mAppBounds=Rect(0, 0 - 1600, 2440) mMaxBounds=Rect(0, 0 - 1600, 2560) mDisplayRotation=ROTATION_0 mWindowingMode=fullscreen mDisplayWindowingMode=fullscreen mActivityType=undefined mAlwaysOnTop=undefined mRotation=ROTATION_0} s.360 fontWeightAdjustment=0}
02-25 15:26:01.291   780   805 V WindowManagerShell: Display changed: 0
02-25 15:26:01.296  1046  1046 D b/260135164: updateIconAlphaForHome - setIconsAlpha(0), isTaskbarPresent: true
02-25 15:26:01.298  1447  1447 I GoogleInputMethodService: GoogleInputMethodService.onConfigurationChanged():1575 changedMask : 20000580
02-25 15:26:01.310  1046  1046 D b/254119092: TaskbarManager#mComponentCallbacks.onConfigurationChanged: {1.0 310mcc260mnc [en_US] ldltr sw800dp w800dp h1196dp 320dpi xlrg port finger qwerty/v/v dpad/v winConfig={ mBounds=Rect(0, 0 - 1600, 2560) mAppBounds=Rect(0, 0 - 1600, 2440) mMaxBounds=Rect(0, 0 - 1600, 2560) mDisplayRotation=ROTATION_0 mWindowingMode=fullscreen mDisplayWindowingMode=fullscreen mActivityType=undefined mAlwaysOnTop=undefined mRotation=ROTATION_0} s.360 fontWeightAdjustment=0}
02-25 15:26:01.310  1046  1046 D b/254119092: mActivity and mContext agree taskbarIsPresent=true
02-25 15:26:01.311  1046  1046 D b/254119092: ComponentCallbacks#onConfigurationChanged() configDiffForRecreate={CONFIG_ORIENTATION, CONFIG_SCREEN_LAYOUT, CONFIG_WINDOW_CONFIGURATION}
02-25 15:26:01.311  1046  1046 D b/254119092: mActivity and mContext agree taskbarIsPresent=true
02-25 15:26:01.317  1447  1447 I DeviceModeUtil: DeviceModeUtil.getDeviceMode():122 Get device mode tablet_large by ui mode:1 and smallestScreenWidthDp:800
02-25 15:26:01.317  1447  1447 I KeyboardModeManager: KeyboardModeManager.setInputView():364 setInputView() : supportsOneHandedMode=false
02-25 15:26:01.321  1447  1447 I NormalModeController: NormalModeController.getKeyboardBodyViewHolderPaddingBottom():116 currentPrimeKeyboardType:SOFT systemPaddingBottom:-1
02-25 15:26:01.324  1447  1447 I KeyboardModeManager: KeyboardModeManager.setInputView():356 setInputView() : entry=hwn{languageTag=en-US, variant=qwerty, hasLocalizedResources=true, conditionCacheKey=_device=tablet_device_size=large_enable_adaptive_text_editing=true_enable_inline_suggestions_on_client_side=false_enable_large_tablet_batch_1=false_enable_large_tablet_batch_2=false_enable_more_candidates_view_for_multilingual=false_enable_nav_redesign=false_enable_number_row=false_enable_preemptive_decode=true_enable_secondary_symbols=false_expressions=normal_four_or_more_letter_rows=false_keyboard_mode=normal_language=en-US_orientation=landscape_physical_keyboard=qwerty_show_secondary_digits=true_show_suggestions=true_split_with_duplicate_keys=true_variant=qwerty, imeDef.stringId=ime_english_united_states, imeDef.className=com.google.android.apps.inputmethod.libs.latin5.LatinIme, imeDef.languageTag=en-US}
02-25 15:26:01.326   556  2180 D CoreBackPreview: Window{a629921 u0 Splash Screen ninja.thesharp.mcpservermanager}: Setting back callback OnBackInvokedCallbackInfo{mCallback=android.window.IOnBackInvokedCallback$Stub$Proxy@3438664, mPriority=0, mIsAnimationCallback=false}
02-25 15:26:01.327   556  2180 I WindowManager: finishDrawing of orientation change: Window{7854140 u0 com.android.systemui.wallpapers.ImageWallpaper} 31ms
02-25 15:26:01.329   780   848 E OpenGLRenderer: Unable to match the desired swap behavior.
02-25 15:26:01.340   556  2183 W ActivityManager: Slow operation: 60ms so far, now at attachApplicationLocked: immediately after bindApplication
02-25 15:26:01.341   556  2183 W ActivityManager: Slow operation: 60ms so far, now at attachApplicationLocked: after updateLruProcessLocked
02-25 15:26:01.359  1046  1725 E FrameEvents: updateAcquireFence: Did not find frame.
02-25 15:26:01.368   556   577 V WindowManager: Sent Transition #22 createdAt=02-25 15:26:01.106 via request=TransitionRequestInfo { type = OPEN, triggerTask = TaskInfo{userId=0 taskId=64 displayId=0 isRunning=true baseIntent=Intent { act=android.intent.action.MAIN cat=[android.intent.category.LAUNCHER] flg=0x10200000 cmp=ninja.thesharp.mcpservermanager/crc6402999668a8c33b1c.MainActivity } baseActivity=ComponentInfo{ninja.thesharp.mcpservermanager/crc6402999668a8c33b1c.MainActivity} topActivity=ComponentInfo{ninja.thesharp.mcpservermanager/crc6402999668a8c33b1c.MainActivity} origActivity=null realActivity=ComponentInfo{ninja.thesharp.mcpservermanager/crc6402999668a8c33b1c.MainActivity} numActivities=1 lastActiveTime=4776419 supportsMultiWindow=true resizeMode=1 isResizeable=true minWidth=-1 minHeight=-1 defaultMinSize=220 token=WCT{RemoteToken{371bcc9 Task{95227a5 #64 type=standard A=10192:ninja.thesharp.mcpservermanager}}} topActivityType=1 pictureInPictureParams=null shouldDockBigOverlays=false launchIntoPipHostTaskId=-1 lastParentTaskIdBeforePip=-1 displayCutoutSafeInsets=null topActivityInfo=ActivityInfo{b68cfce crc6402999668a8c33b1c.MainActivity} launchCookies=[] positionInParent=Point(0, 0) parentTaskId=-1 isFocused=false isVisible=false isVisibleRequested=false isSleeping=false topActivityInSizeCompat=false topActivityEligibleForLetterboxEducation= false topActivityLetterboxed= false isFromDoubleTap= false topActivityLetterboxVerticalPosition= -1 topActivityLetterboxHorizontalPosition= -1 topActivityLetterboxWidth=-1 topActivityLetterboxHeight=-1 locusId=null displayAreaFeatureId=1 cameraCompatControlState=hidden}, remoteTransition = null, displayChange = null }
02-25 15:26:01.368   556   577 V WindowManager:     startWCT=WindowContainerTransaction { changes = {} hops = [] errorCallbackToken=null taskFragmentOrganizer=null }
02-25 15:26:01.369  7320  7320 D CompatibilityChangeReporter: Compat change id reported: 171979766; UID 10192; state: ENABLED
02-25 15:26:01.370   556   577 V WindowManager:     info={id=22 t=OPEN f=0x0 trk=0 r=[0@Point(0, 0)] c=[{WCT{RemoteToken{371bcc9 Task{95227a5 #64 type=standard A=10192:ninja.thesharp.mcpservermanager}}} m=OPEN f=NONE p=WCT{RemoteToken{4dc9b65 DefaultTaskDisplayArea@250587540}} leash=Surface(name=Task=64)/@0xb479c93 sb=Rect(0, 0 - 2560, 1600) eb=Rect(0, 0 - 1600, 2560) d=0 r=1->0:-1},{WCT{RemoteToken{65caa3e Task{f7e972c #1 type=home}}} m=TO_BACK f=SHOW_WALLPAPER p=WCT{RemoteToken{4dc9b65 DefaultTaskDisplayArea@250587540}} leash=Surface(name=Task=1)/@0x4179a71 sb=Rect(0, 0 - 2560, 1600) eb=Rect(0, 0 - 1600, 2560) d=0 r=1->0:-1},{WCT{RemoteToken{4dc9b65 DefaultTaskDisplayArea@250587540}} m=CHANGE f=SHOW_WALLPAPER p=WCT{RemoteToken{47f3eb0 Display{#0 state=ON size=1600x2560 ROTATION_0}}} leash=Surface(name=DefaultTaskDisplayArea)/@0xe365018 sb=Rect(0, 0 - 2560, 1600) eb=Rect(0, 0 - 1600, 2560) d=0 r=1->0:-1},{null m=CHANGE f=IS_WALLPAPER p=WCT{RemoteToken{47f3eb0 Display{#0 state=ON size=1600x2560 ROTATION_0}}} leash=Surface(name=WallpaperWindowToken{b36d2e0 token=android.os.Binder@ce6b912})/@0x4c347fb sb=Rect(0, 0 - 2560, 1600) eb=Rect(0, 0 - 1600, 2560) d=0 r=1->0:-1},{WCT{RemoteToken{47f3eb0 Display{#0 state=ON size=1600x2560 ROTATION_0}}} m=CHANGE f=SHOW_WALLPAPER|IS_DISPLAY leash=Surface(name=WindowedMagnification:0:31)/@0xed682b sb=Rect(0, 0 - 2560, 1600) eb=Rect(0, 0 - 1600, 2560) d=0 r=1->0:-1}]}
02-25 15:26:01.375  7320  7320 D CompatibilityChangeReporter: Compat change id reported: 242716250; UID 10192; state: ENABLED
02-25 15:26:01.381  1447  1447 I StyledKeyboardTheme: StyledKeyboardTheme.<init>():87 Pref: [], themeName: [silk:], darkMode: [false], cacheKey: [overlay_builtin_dynamic_color_light_base.binarypb:dynamic-light-fff1f0f7-ffb2c5ff-734dbefe1e6f4840c010420f35e14fb0]
02-25 15:26:01.382  1447  1447 I DeviceModeUtil: DeviceModeUtil.getDeviceMode():122 Get device mode tablet_large by ui mode:1 and smallestScreenWidthDp:800
02-25 15:26:01.382  1447  1447 I DeviceModeUtil: DeviceModeUtil.getDeviceMode():122 Get device mode tablet_large by ui mode:1 and smallestScreenWidthDp:800
02-25 15:26:01.382  1447  1447 I DeviceModeUtil: DeviceModeUtil.getDeviceMode():122 Get device mode tablet_large by ui mode:1 and smallestScreenWidthDp:800
02-25 15:26:01.384  1447  1447 I DeviceModeUtil: DeviceModeUtil.getDeviceMode():122 Get device mode tablet_large by ui mode:1 and smallestScreenWidthDp:800
02-25 15:26:01.385  1447  1447 I DeviceModeUtil: DeviceModeUtil.getDeviceMode():122 Get device mode tablet_large by ui mode:1 and smallestScreenWidthDp:800
02-25 15:26:01.385  1447  1447 I GoogleInputMethodService: GoogleInputMethodService.initializeKeyboardTheme():1343 Apply keyboard theme: theme_border_stylesheet_noshadow_gsans_pillkey_silkpopup_materiallight_tablet_large_overlay_builtin_dynamic_color_light_base.binarypb:dynamic-light-fff1f0f7-ffb2c5ff-734dbefe1e6f4840c010420f35e14fb0_port
02-25 15:26:01.397  1447  1447 I DeviceModeUtil: DeviceModeUtil.getDeviceMode():122 Get device mode tablet_large by ui mode:1 and smallestScreenWidthDp:800
02-25 15:26:01.401  1447  1447 I InputMethodEntryManager: InputMethodEntryManager.startLoadingInputMethodEntrySettings():739 Start loading input method entry settings: [LanguageTagVariantTuple{languageTag=en-US, variant=qwerty}]
02-25 15:26:01.406   780   805 W Looper  : Slow delivery took 71ms wmshell.main h=android.os.Handler c=com.android.wm.shell.pip.phone.PipController$$ExternalSyntheticLambda1@5986f7b m=0
02-25 15:26:01.408   780   805 V WindowManagerShell: onTransitionReady android.os.BinderProxy@c2eb2af: {id=22 t=OPEN f=0x0 trk=0 r=[0@Point(0, 0)] c=[{WCT{android.window.IWindowContainerToken$Stub$Proxy@a1f1262} m=OPEN f=NONE p=WCT{android.window.IWindowContainerToken$Stub$Proxy@a0dff3} leash=Surface(name=Task=64)/@0x3c9a7ee sb=Rect(0, 0 - 2560, 1600) eb=Rect(0, 0 - 1600, 2560) d=0 r=1->0:-1},{WCT{android.window.IWindowContainerToken$Stub$Proxy@1ad94b0} m=TO_BACK f=SHOW_WALLPAPER p=WCT{android.window.IWindowContainerToken$Stub$Proxy@a561f29} leash=Surface(name=Task=1)/@0xe1b348f sb=Rect(0, 0 - 2560, 1600) eb=Rect(0, 0 - 1600, 2560) d=0 r=1->0:-1},{WCT{android.window.IWindowContainerToken$Stub$Proxy@6dff2ae} m=CHANGE f=SHOW_WALLPAPER p=WCT{android.window.IWindowContainerToken$Stub$Proxy@9df884f} leash=Surface(name=DefaultTaskDisplayArea)/@0x133231c sb=Rect(0, 0 - 2560, 1600) eb=Rect(0, 0 - 1600, 2560) d=0 r=1->0:-1},{null m=CHANGE f=IS_WALLPAPER p=WCT{android.window.IWindowContainerToken$Stub$Proxy@bcf4bdc} leash=Surface(name=WallpaperWindowToken{b36d2e0 token=android.os.Binder@ce6b912})/@0xb20ab25 sb=Rect(0, 0 - 2560, 1600) eb=Rect(0, 0 - 1600, 2560) d=0 r=1->0:-1},{WCT{android.window.IWindowContainerToken$Stub$Proxy@88884e5} m=CHANGE f=SHOW_WALLPAPER|IS_DISPLAY leash=Surface(name=WindowedMagnification:0:31)/@0x4ac54fa sb=Rect(0, 0 - 2560, 1600) eb=Rect(0, 0 - 1600, 2560) d=0 r=1->0:-1 snapshot=Surface(name=RotationLayer)/@0x2a08aab}]}
02-25 15:26:01.409   556  2183 D CompatibilityChangeReporter: Compat change id reported: 170503758; UID 10192; state: ENABLED
02-25 15:26:01.416  1046  1046 D b/254119092: DisplayController#onConfigurationChanged: {1.0 310mcc260mnc [en_US] ldltr sw800dp w800dp h1196dp 320dpi xlrg port finger qwerty/v/v dpad/v winConfig={ mBounds=Rect(0, 0 - 1600, 2560) mAppBounds=Rect(0, 0 - 1600, 2440) mMaxBounds=Rect(0, 0 - 1600, 2560) mDisplayRotation=ROTATION_0 mWindowingMode=fullscreen mDisplayWindowingMode=fullscreen mActivityType=undefined mAlwaysOnTop=undefined mRotation=ROTATION_0} s.360 fontWeightAdjustment=0}
02-25 15:26:01.418  7320  7320 W ziparchive: Unable to open '/data/app/~~ZM6nWP7ALuPnHJ1qm9E0YQ==/ninja.thesharp.mcpservermanager-K_9TCf3ndY4AfHR1kT2s2A==/base.dm': No such file or directory
02-25 15:26:01.418  7320  7320 W ziparchive: Unable to open '/data/app/~~ZM6nWP7ALuPnHJ1qm9E0YQ==/ninja.thesharp.mcpservermanager-K_9TCf3ndY4AfHR1kT2s2A==/base.dm': No such file or directory
02-25 15:26:01.419   780   805 V WindowManagerShell: Playing animation for (#22)android.os.BinderProxy@c2eb2af@0
02-25 15:26:01.419   780   805 V WindowManagerShell:  try handler com.android.wm.shell.transition.DefaultMixedHandler@c3fb213
02-25 15:26:01.425   780   805 V WindowManagerShell:  try handler com.android.wm.shell.keyguard.KeyguardTransitionHandler@d12cc50
02-25 15:26:01.426  1046  1046 D b/254119092: DisplayInfoChangeListener#CHANGE_ROTATION
02-25 15:26:01.426  1046  1046 D b/254119092: mActivity and mContext agree taskbarIsPresent=true
02-25 15:26:01.430   780   805 V WindowManagerShell:  try handler com.android.wm.shell.activityembedding.ActivityEmbeddingController@1218e49
02-25 15:26:01.435  1046  1046 D b/260135164: updateIconAlphaForHome - setIconsAlpha(0), isTaskbarPresent: true
02-25 15:26:01.437   780   805 V WindowManagerShell:  try handler com.android.wm.shell.recents.RecentsTransitionHandler@a1a034e
02-25 15:26:01.442   780   805 V ShellRecents: RecentsTransitionHandler.startAnimation: no controller found
02-25 15:26:01.444  1046  1046 D b/260135164: updateIconAlphaForHome - setIconsAlpha(0), isTaskbarPresent: true
02-25 15:26:01.444  1046  1046 D b/260135164: updateIconAlphaForHome - setIconsAlpha(0), isTaskbarPresent: true
02-25 15:26:01.450  1046  1725 E OpenGLRenderer: Unable to match the desired swap behavior.
02-25 15:26:01.452   780   805 V WindowManagerShell:  try handler com.android.wm.shell.pip.PipTransition@6695c6f
02-25 15:26:01.453   780   805 V WindowManagerShell:  try handler com.android.wm.shell.splitscreen.StageCoordinator@1e05d7c
02-25 15:26:01.454   780   805 V WindowManagerShell:  try handler com.android.wm.shell.transition.RemoteTransitionHandler@2ebc605
02-25 15:26:01.457   780   805 V WindowManagerShell:  try handler com.android.wm.shell.transition.DefaultTransitionHandler@faf2e26
02-25 15:26:01.459   780   805 V WindowManagerShell: start default transition animation, info = {id=22 t=OPEN f=0x0 trk=0 r=[0@Point(0, 0)] c=[{WCT{android.window.IWindowContainerToken$Stub$Proxy@a1f1262} m=OPEN f=NONE p=WCT{android.window.IWindowContainerToken$Stub$Proxy@a0dff3} leash=Surface(name=Task=64)/@0x3c9a7ee sb=Rect(0, 0 - 2560, 1600) eb=Rect(0, 0 - 1600, 2560) d=0 r=1->0:-1},{WCT{android.window.IWindowContainerToken$Stub$Proxy@1ad94b0} m=TO_BACK f=SHOW_WALLPAPER p=WCT{android.window.IWindowContainerToken$Stub$Proxy@a561f29} leash=Surface(name=Task=1)/@0xe1b348f sb=Rect(0, 0 - 2560, 1600) eb=Rect(0, 0 - 1600, 2560) d=0 r=1->0:-1},{WCT{android.window.IWindowContainerToken$Stub$Proxy@6dff2ae} m=CHANGE f=SHOW_WALLPAPER p=WCT{android.window.IWindowContainerToken$Stub$Proxy@9df884f} leash=Surface(name=DefaultTaskDisplayArea)/@0x133231c sb=Rect(0, 0 - 2560, 1600) eb=Rect(0, 0 - 1600, 2560) d=0 r=1->0:-1},{null m=CHANGE f=IS_WALLPAPER p=WCT{android.window.IWindowContainerToken$Stub$Proxy@bcf4bdc} leash=Surface(name=WallpaperWindowToken{b36d2e0 token=android.os.Binder@ce6b912})/@0xb20ab25 sb=Rect(0, 0 - 2560, 1600) eb=Rect(0, 0 - 1600, 2560) d=0 r=1->0:-1},{WCT{android.window.IWindowContainerToken$Stub$Proxy@88884e5} m=CHANGE f=SHOW_WALLPAPER|IS_DISPLAY leash=Surface(name=WindowedMagnification:0:31)/@0x4ac54fa sb=Rect(0, 0 - 2560, 1600) eb=Rect(0, 0 - 1600, 2560) d=0 r=1->0:-1 snapshot=Surface(name=RotationLayer)/@0x2a08aab}]}
02-25 15:26:01.469  7305  7305 I Monkey  : ## Network stats: elapsed time=210ms (0ms mobile, 0ms wifi, 210ms not connected)
02-25 15:26:01.470   556   580 I InputManager-JNI: Viewport [0] to add: local:4619827259835644672, isActive: true
02-25 15:26:01.474  7305  7305 I app_process: System.exit called, status: 0
02-25 15:26:01.475  7305  7305 I AndroidRuntime: VM exiting with result code 0.
02-25 15:26:01.492   556   660 I InputReader: Reconfiguring input devices, changes=DISPLAY_INFO
02-25 15:26:01.501   780   848 E OpenGLRenderer: Unable to match the desired swap behavior.
02-25 15:26:01.529   556   660 I InputReader: Touch device 'virtio_input_multi_touch_11' could not query the properties of its associated display.  The device will be inoperable until the display size becomes available.
02-25 15:26:01.530   556   660 I InputReader: Touch device 'virtio_input_multi_touch_10' could not query the properties of its associated display.  The device will be inoperable until the display size becomes available.
02-25 15:26:01.531   556   660 I InputReader: Touch device 'virtio_input_multi_touch_9' could not query the properties of its associated display.  The device will be inoperable until the display size becomes available.
02-25 15:26:01.531   556   660 I InputReader: Touch device 'virtio_input_multi_touch_8' could not query the properties of its associated display.  The device will be inoperable until the display size becomes available.
02-25 15:26:01.531   556   660 I InputReader: Touch device 'virtio_input_multi_touch_7' could not query the properties of its associated display.  The device will be inoperable until the display size becomes available.
02-25 15:26:01.532   556   660 I InputReader: Touch device 'virtio_input_multi_touch_6' could not query the properties of its associated display.  The device will be inoperable until the display size becomes available.
02-25 15:26:01.532   556   660 I InputReader: Touch device 'virtio_input_multi_touch_5' could not query the properties of its associated display.  The device will be inoperable until the display size becomes available.
02-25 15:26:01.532   556   660 I InputReader: Touch device 'virtio_input_multi_touch_4' could not query the properties of its associated display.  The device will be inoperable until the display size becomes available.
02-25 15:26:01.532   556   660 I InputReader: Touch device 'virtio_input_multi_touch_3' could not query the properties of its associated display.  The device will be inoperable until the display size becomes available.
02-25 15:26:01.532   556   660 I InputReader: Touch device 'virtio_input_multi_touch_2' could not query the properties of its associated display.  The device will be inoperable until the display size becomes available.
02-25 15:26:01.533   556   849 I WindowManager: finishDrawing of orientation change: Window{5c3f667 u0 StatusBar} 235ms
02-25 15:26:01.534   556   641 D CompatibilityChangeReporter: Compat change id reported: 265195908; UID 10192; state: ENABLED
02-25 15:26:01.571  1295  1392 I NearbySharing: Screen is already unlocked, skipping invalidate [CONTEXT service_id=194 ]
02-25 15:26:01.573   556   578 W Looper  : Slow dispatch took 103ms android.ui h=com.android.server.am.ActivityManagerService$UiHandler c=com.android.server.am.UidObserverController$$ExternalSyntheticLambda0@ee367a1 m=0
02-25 15:26:01.580   556   628 I WindowManager: finishDrawing of orientation change: Window{302680c u0 Taskbar} 281ms
02-25 15:26:01.582   780   805 V WindowManagerShell: loadAnimation: anim=android.view.animation.AnimationSet@b552301 animAttr=0x13 type=OPEN isEntrance=false
02-25 15:26:01.583   780   805 V WindowManagerShell: loadAnimation: anim=android.view.animation.AnimationSet@36fee3d animAttr=0x12 type=OPEN isEntrance=true
02-25 15:26:01.585   780   805 V WindowManagerShell:  animated by com.android.wm.shell.transition.DefaultTransitionHandler@faf2e26
02-25 15:26:01.585   780   805 W Looper  : Slow dispatch took 178ms wmshell.main h=android.os.Handler c=com.android.wm.shell.transition.Transitions$TransitionPlayerImpl$$ExternalSyntheticLambda0@eaf7f83 m=0
02-25 15:26:01.601   780   805 W Looper  : Drained
02-25 15:26:01.631  1046  1725 E OpenGLRenderer: Unable to match the desired swap behavior.
02-25 15:26:01.643  1447  1447 I InputMethodEntryManager: InputMethodEntryManager.updateInputMethodEntrySettingsLoadingTask():826 update loading task with resetImplicitlyEnabledEntries is false
02-25 15:26:01.643  1447  1447 I NormalModeController: NormalModeController.getKeyboardBodyViewHolderPaddingBottom():116 currentPrimeKeyboardType:SOFT systemPaddingBottom:-1
02-25 15:26:01.660  1447  1447 I DeviceModeUtil: DeviceModeUtil.getDeviceMode():122 Get device mode tablet_large by ui mode:1 and smallestScreenWidthDp:800
02-25 15:26:01.661  1447  1447 I KeyboardViewUtil: KeyboardViewUtil.getKeyboardHeightRatio():189 systemKeyboardHeightRatio:1.000000; userKeyboardHeightRatio:1.000000.
02-25 15:26:01.683  1447  1447 W StyleResolver: StyleResolver.resolveValue():233 Invalid variable: color_silk_surface_background
02-25 15:26:01.686  1447  1447 I GoogleInputMethodService: GoogleInputMethodService.onStartInput():1877 onStartInput(EditorInfo{inputType=0x0(NULL) imeOptions=0x0 privateImeOptions=null actionName=UNSPECIFIED actionLabel=null actionId=0 initialSelStart=-1 initialSelEnd=-1 initialCapsMode=0x0 hintText=null label=null packageName=com.google.android.apps.nexuslauncher fieldId=0 fieldName=null extras=null}, true)
02-25 15:26:01.686  1447  1447 I GoogleInputMethodService: GoogleInputMethodService.shouldHideHeaderOnInitialState():4008 ShouldHideHeaderOnInitialState = false
02-25 15:26:01.688  1447  1447 I GoogleInputMethodService: GoogleInputMethodService.updateDeviceLockedStatus():2087 repeatCheckTimes = 2, unlocked = true
02-25 15:26:01.689  1447  1447 W SessionManager: SessionManager.beginSession():53 Try to begin an already begun session [INPUT_SESSION], end it first
02-25 15:26:01.694  1447  1447 I DeviceModeUtil: DeviceModeUtil.getDeviceMode():122 Get device mode tablet_large by ui mode:1 and smallestScreenWidthDp:800
02-25 15:26:01.698  1447  1447 I GoogleInputMethodService: GoogleInputMethodService.lambda$setDecorViewApplyWindowInsetsListener$10():1155 update screenHeightWithoutNaviBar to: 2464
02-25 15:26:01.701  1447  1447 I GoogleInputMethodService: GoogleInputMethodService.lambda$setDecorViewApplyWindowInsetsListener$10():1161 update max height when insets changes
02-25 15:26:01.718  1447  1447 I GoogleInputMethodService: GoogleInputMethodService.lambda$setDecorViewApplyWindowInsetsListener$10():1155 update screenHeightWithoutNaviBar to: 2560
02-25 15:26:01.719  1447  1447 I GoogleInputMethodService: GoogleInputMethodService.lambda$setDecorViewApplyWindowInsetsListener$10():1161 update max height when insets changes
02-25 15:26:01.744  5605  5605 D BoundBrokerSvc: onUnbind: Intent { act=com.google.android.gms.safetynet.service.START pkg=com.google.android.gms }
02-25 15:26:01.771   922   959 E SystemServiceRegistry: No service published for: ethernet
02-25 15:26:01.771   922   959 E SystemServiceRegistry: android.os.ServiceManager$ServiceNotFoundException: No service published for: ethernet
02-25 15:26:01.771   922   959 E SystemServiceRegistry: 	at android.os.ServiceManager.getServiceOrThrow(ServiceManager.java:166)
02-25 15:26:01.771   922   959 E SystemServiceRegistry: 	at android.app.SystemServiceRegistry$139.createService(SystemServiceRegistry.java:1872)
02-25 15:26:01.771   922   959 E SystemServiceRegistry: 	at android.app.SystemServiceRegistry$CachedServiceFetcher.getService(SystemServiceRegistry.java:1971)
02-25 15:26:01.771   922   959 E SystemServiceRegistry: 	at android.app.SystemServiceRegistry.getSystemService(SystemServiceRegistry.java:1645)
02-25 15:26:01.771   922   959 E SystemServiceRegistry: 	at android.app.ContextImpl.getSystemService(ContextImpl.java:2212)
02-25 15:26:01.771   922   959 E SystemServiceRegistry: 	at android.content.ContextWrapper.getSystemService(ContextWrapper.java:934)
02-25 15:26:01.771   922   959 E SystemServiceRegistry: 	at com.android.networkstack.tethering.Tethering.isEthernetSupported(Tethering.java:1582)
02-25 15:26:01.771   922   959 E SystemServiceRegistry: 	at com.android.networkstack.tethering.Tethering.makeSupportedDownstreams(Tethering.java:2550)
02-25 15:26:01.771   922   959 E SystemServiceRegistry: 	at com.android.networkstack.tethering.Tethering.updateSupportedDownstreams(Tethering.java:2524)
02-25 15:26:01.771   922   959 E SystemServiceRegistry: 	at com.android.networkstack.tethering.Tethering.updateConfiguration(Tethering.java:546)
02-25 15:26:01.771   922   959 E SystemServiceRegistry: 	at com.android.networkstack.tethering.Tethering.-$$Nest$mupdateConfiguration(Tethering.java:0)
02-25 15:26:01.771   922   959 E SystemServiceRegistry: 	at com.android.networkstack.tethering.Tethering$StateReceiver.onReceive(Tethering.java:1184)
02-25 15:26:01.771   922   959 E SystemServiceRegistry: 	at android.app.LoadedApk$ReceiverDispatcher$Args.lambda$getRunnable$0(LoadedApk.java:1802)
02-25 15:26:01.771   922   959 E SystemServiceRegistry: 	at android.app.LoadedApk$ReceiverDispatcher$Args.$r8$lambda$gDuJqgxY6Zb-ifyeubKeivTLAwk(Unknown Source:0)
02-25 15:26:01.771   922   959 E SystemServiceRegistry: 	at android.app.LoadedApk$ReceiverDispatcher$Args$$ExternalSyntheticLambda0.run(Unknown Source:2)
02-25 15:26:01.771   922   959 E SystemServiceRegistry: 	at android.os.Handler.handleCallback(Handler.java:958)
02-25 15:26:01.771   922   959 E SystemServiceRegistry: 	at android.os.Handler.dispatchMessage(Handler.java:99)
02-25 15:26:01.771   922   959 E SystemServiceRegistry: 	at android.os.Looper.loopOnce(Looper.java:205)
02-25 15:26:01.771   922   959 E SystemServiceRegistry: 	at android.os.Looper.loop(Looper.java:294)
02-25 15:26:01.771   922   959 E SystemServiceRegistry: 	at android.os.HandlerThread.run(HandlerThread.java:67)
02-25 15:26:01.775  1447  1447 I InputMethodEntryManager: InputMethodEntryManager$5.onSuccess():845 Success load entries: [LanguageTagVariantTuple{languageTag=en-US, variant=qwerty}], resetImplicitlyEnabledEntries=false
02-25 15:26:01.786  1447  1447 I DeviceModeUtil: DeviceModeUtil.getDeviceMode():122 Get device mode tablet_large by ui mode:1 and smallestScreenWidthDp:800
02-25 15:26:01.788  1447  1447 I StyledKeyboardTheme: StyledKeyboardTheme.<init>():87 Pref: [], themeName: [silk:], darkMode: [false], cacheKey: [overlay_builtin_dynamic_color_light_base.binarypb:dynamic-light-fff1f0f7-ffb2c5ff-734dbefe1e6f4840c010420f35e14fb0]
02-25 15:26:01.789  1447  1447 I DeviceModeUtil: DeviceModeUtil.getDeviceMode():122 Get device mode tablet_large by ui mode:1 and smallestScreenWidthDp:800
02-25 15:26:01.791  1447  1447 I DeviceModeUtil: DeviceModeUtil.getDeviceMode():122 Get device mode tablet_large by ui mode:1 and smallestScreenWidthDp:800
02-25 15:26:01.792  1447  2356 I SP      : Registering emoticon_content_description.2022081613, url: https://www.gstatic.com/android/keyboard/emoticon_content_desc/202208161305/superpacks_manifest.json, constraints: W:*:*:*, flags: bg, requested: 2022081613, current: 2022081613
02-25 15:26:01.794  1447  1447 I DeviceModeUtil: DeviceModeUtil.getDeviceMode():122 Get device mode tablet_large by ui mode:1 and smallestScreenWidthDp:800
02-25 15:26:01.795  1447  1447 I DeviceModeUtil: DeviceModeUtil.getDeviceMode():122 Get device mode tablet_large by ui mode:1 and smallestScreenWidthDp:800
02-25 15:26:01.796  1447  1447 I DeviceModeUtil: DeviceModeUtil.getDeviceMode():122 Get device mode tablet_large by ui mode:1 and smallestScreenWidthDp:800
02-25 15:26:01.797  1447  1447 I GoogleInputMethodService: GoogleInputMethodService.initializeKeyboardTheme():1343 Apply keyboard theme: theme_border_stylesheet_noshadow_gsans_pillkey_silkpopup_materiallight_tablet_large_overlay_builtin_dynamic_color_light_base.binarypb:dynamic-light-fff1f0f7-ffb2c5ff-734dbefe1e6f4840c010420f35e14fb0_port
02-25 15:26:01.802  7320  7320 D nativeloader: Configuring clns-6 for other apk /data/app/~~ZM6nWP7ALuPnHJ1qm9E0YQ==/ninja.thesharp.mcpservermanager-K_9TCf3ndY4AfHR1kT2s2A==/base.apk. target_sdk_version=35, uses_libraries=, library_path=/data/app/~~ZM6nWP7ALuPnHJ1qm9E0YQ==/ninja.thesharp.mcpservermanager-K_9TCf3ndY4AfHR1kT2s2A==/lib/x86_64:/data/app/~~ZM6nWP7ALuPnHJ1qm9E0YQ==/ninja.thesharp.mcpservermanager-K_9TCf3ndY4AfHR1kT2s2A==/base.apk!/lib/x86_64, permitted_path=/data:/mnt/expand:/data/user/0/ninja.thesharp.mcpservermanager
02-25 15:26:01.807  1447  1447 I DictionarySuperpacksManager: DictionarySuperpacksManager$1.onEnabledInputMethodEntriesChanged():61 onEnabledInputMethodEntriesChanged
02-25 15:26:01.810  1447  2356 I SP      : Registering content_cache.2022112214, url: https://www.gstatic.com/android/keyboard/modelpack/contentcache/202211221443/superpacks_manifest.json, constraints: W:*:*:*, flags: bg, requested: 2022112214, current: 2022112214
02-25 15:26:01.818  1447  2356 I SP      : Syncing emoticon_content_description (2022081613) with slices: [7a635888cb828dfa2fc744b7b9b50f04], metadata: false
02-25 15:26:01.827  7320  7320 V GraphicsEnvironment: Currently set values for:
02-25 15:26:01.827  7320  7320 V GraphicsEnvironment:   angle_gl_driver_selection_pkgs=[]
02-25 15:26:01.828  7320  7320 V GraphicsEnvironment:   angle_gl_driver_selection_values=[]
02-25 15:26:01.831  7320  7320 V GraphicsEnvironment: ANGLE GameManagerService for ninja.thesharp.mcpservermanager: false
02-25 15:26:01.831  7320  7320 V GraphicsEnvironment: ninja.thesharp.mcpservermanager is not listed in per-application setting
02-25 15:26:01.831  7320  7320 V GraphicsEnvironment: Neither updatable production driver nor prerelease driver is supported.
02-25 15:26:01.854   556  2167 D CompatibilityChangeReporter: Compat change id reported: 161145287; UID 10192; state: ENABLED
02-25 15:26:01.873  1447  2356 I SP      : Syncing content_cache (2022112214) with slices: [e9a5a2de48a4f8b9a658b411bcfb375d, 8722425f4121ffdea802b1066df73991, fa1da98da1212aad6fb9a8efaff48148], metadata: true
02-25 15:26:01.884   780   805 V WindowManagerShell: Transition animation finished (aborted=false), notifying core (#22)android.os.BinderProxy@c2eb2af@0
02-25 15:26:01.887   556   577 V WindowManager: Finish Transition #22: created at 02-25 15:26:01.106 collect-started=0.12ms request-sent=17.107ms started=22.304ms ready=245.029ms sent=260.671ms finished=780.376ms
02-25 15:26:01.901   780   805 V WindowManagerShell: Track 0 became idle
02-25 15:26:01.902   780   805 V WindowManagerShell: All active transition animations finished
02-25 15:26:01.917  7320  7320 D DOTNET  : AndroidCryptoNative_InitLibraryOnLoad: jint AndroidCryptoNative_InitLibraryOnLoad(JavaVM *, void *) in /__w/1/s/src/native/libs/System.Security.Cryptography.Native.Android/pal_jni.c
02-25 15:26:01.918  7320  7320 D DOTNET  : GetOptionalClassGRef: optional class com/android/org/conscrypt/OpenSSLEngineImpl was not found
02-25 15:26:01.926  1729  1729 I A       : onApplyWindowInsets: systemWindowInsets=Insets{left=0, top=48, right=0, bottom=120}
02-25 15:26:01.926  1729  1729 I A       : onApplyWindowInsets: systemWindowInsets=Insets{left=0, top=48, right=0, bottom=120}
02-25 15:26:01.954  7320  7320 W monodroid: Failed to create directory '/data/user/0/ninja.thesharp.mcpservermanager/files/.__override__/x86_64'. No such file or directory
02-25 15:26:01.954  7320  7320 W monodroid: Creating public update directory: `/data/user/0/ninja.thesharp.mcpservermanager/files/.__override__/x86_64`
02-25 15:26:01.960  7320  7320 W cpservermanager: Attempt to remove non-JNI local reference
02-25 15:26:01.960  7320  7320 W monodroid: runtime args empty
02-25 15:26:01.968  7320  7320 W monodroid-assembly: Unable to open app library directory '/data/user/0/ninja.thesharp.mcpservermanager/files/.__override__/x86_64': No such file or directory
02-25 15:26:02.015  1447  2356 I SP      : Sync for emoticon_content_description succeeded in 203 ms: no changes
02-25 15:26:02.017  1447  2356 I SP      : GC for 'emoticon_content_description' (10) with ttl of 0 ms took 0 ms (0/0/0)
02-25 15:26:02.112  1447  2356 I SP      : Sync for content_cache succeeded in 242 ms: no changes
02-25 15:26:02.114  1447  2356 I SP      : GC for 'content_cache' (10) with ttl of 0 ms took 0 ms (0/0/0)
02-25 15:26:02.246  7320  7320 W cpservermanager: Attempt to remove non-JNI local reference
02-25 15:26:02.330   556  2167 I ActivityManager: Flag disabled. Ignoring finishAttachApplication from uid: 10192. pid: 7320
02-25 15:26:02.346  7320  7350 D libEGL  : loaded /vendor/lib64/egl/libEGL_emulation.so
02-25 15:26:02.347  7320  7350 D libEGL  : loaded /vendor/lib64/egl/libGLESv1_CM_emulation.so
02-25 15:26:02.354  7320  7350 D libEGL  : loaded /vendor/lib64/egl/libGLESv2_emulation.so
02-25 15:26:02.579  7320  7320 D AppCompatDelegate: Checking for metadata for AppLocalesMetadataHolderService : Service not found
02-25 15:26:02.594   556  2167 D CompatibilityChangeReporter: Compat change id reported: 197654537; UID 10192; state: ENABLED
02-25 15:26:02.683   556   649 D ActivityManager: freezing 5800 com.google.android.documentsui
02-25 15:26:02.684   556   649 D ActivityManager: freezing 4345 com.google.android.adservices.api
02-25 15:26:02.762   556   641 W ProcessStats: Tracking association SourceState{ad40fdb com.google.android.gms/10121 BTop #7834} whose proc state 2 is better than process ProcessState{86f0d43 com.google.android.gms.persistent/10121 pkg=com.google.android.gms} proc state 4 (147 skipped)
02-25 15:26:02.809   556   649 D ActivityManager: freezing 7209 com.google.android.apps.docs
02-25 15:26:03.074   183  7195 I keystore2: system/security/keystore2/src/watchdog.rs:319 - Watchdog thread idle -> terminating. Have a great day.
02-25 15:26:03.503   556   649 D ActivityManager: freezing 7276 com.google.process.gservices
02-25 15:26:04.129   556  1645 E TaskPersister: File error accessing recents directory (directory doesn't exist?).
02-25 15:26:05.002  7320  7320 W cpservermanager: Accessing hidden method Landroid/view/View;->computeFitSystemWindows(Landroid/graphics/Rect;Landroid/graphics/Rect;)Z (unsupported, reflection, allowed)
02-25 15:26:05.003  7320  7320 W cpservermanager: Accessing hidden method Landroid/view/ViewGroup;->makeOptionalFitsSystemWindows()V (unsupported, reflection, allowed)
02-25 15:26:05.354  7320  7320 W WindowOnBackDispatcher: OnBackInvokedCallback is not enabled for the application.
02-25 15:26:05.354  7320  7320 W WindowOnBackDispatcher: Set 'android:enableOnBackInvokedCallback="true"' in the application manifest.
02-25 15:26:05.362  7320  7320 D CompatibilityChangeReporter: Compat change id reported: 237531167; UID 10192; state: DISABLED
02-25 15:26:05.364  7320  7320 W OpenGLRenderer: Unknown dataspace 0
02-25 15:26:05.368   556  2167 D CompatibilityChangeReporter: Compat change id reported: 168419799; UID 10192; state: DISABLED
02-25 15:26:05.368   556  2167 D CompatibilityChangeReporter: Compat change id reported: 273564678; UID 10192; state: DISABLED
02-25 15:26:05.377  7320  7320 I Choreographer: Skipped 182 frames!  The application may be doing too much work on its main thread.
02-25 15:26:05.408   556  2167 D CoreBackPreview: Window{cc8cc63 u0 ninja.thesharp.mcpservermanager/crc6402999668a8c33b1c.MainActivity}: Setting back callback OnBackInvokedCallbackInfo{mCallback=android.window.IOnBackInvokedCallback$Stub$Proxy@36c5dde, mPriority=0, mIsAnimationCallback=false}
02-25 15:26:05.423  7320  7348 W OpenGLRenderer: Failed to choose config with EGL_SWAP_BEHAVIOR_PRESERVED, retrying without...
02-25 15:26:05.424  7320  7348 W OpenGLRenderer: Failed to initialize 101010-2 format, error = EGL_SUCCESS
02-25 15:26:05.506     0     0 I servicemanager: Could not find android.hardware.graphics.allocator.IAllocator/default in the VINTF manifest.
02-25 15:26:05.524   159   159 I hwservicemanager: getTransport: Cannot find entry android.hardware.graphics.mapper@4.0::IMapper/default in either framework or device VINTF manifest.
02-25 15:26:05.524  7320  7348 I Gralloc4: mapper 4.x is not supported
02-25 15:26:05.547  7320  7348 E OpenGLRenderer: Unable to match the desired swap behavior.
02-25 15:26:06.009  7320  7320 I AVALONIA: Surface Created
02-25 15:26:06.184  7320  7351 W monodroid-assembly: Shared library 'android' not loaded, p/invoke 'ANativeWindow_fromSurface' may fail
02-25 15:26:06.379  7320  7320 I AVALONIA: Surface Changed
02-25 15:26:06.797   556   577 W ziparchive: Unable to open '/data/app/~~ZM6nWP7ALuPnHJ1qm9E0YQ==/ninja.thesharp.mcpservermanager-K_9TCf3ndY4AfHR1kT2s2A==/base.dm': No such file or directory
02-25 15:26:06.799   556   577 I ActivityTaskManager: Displayed ninja.thesharp.mcpservermanager/crc6402999668a8c33b1c.MainActivity for user 0: +5s698ms
02-25 15:26:06.813  7320  7358 I OpenGLRenderer: Davey! duration=4466ms; Flags=1, FrameTimelineVsyncId=1784418, IntendedVsync=4777624817868, Vsync=4780658151080, InputEventId=0, HandleInputStart=4780674854000, AnimationStart=4780674946300, PerformTraversalsStart=4780675355800, DrawStart=4782007846400, FrameDeadline=4777641484534, FrameInterval=4780673910300, FrameStartTime=16666666, SyncQueued=4782062651700, SyncStart=4782064108100, IssueDrawCommandsStart=4782065218000, SwapBuffers=4782076213600, FrameCompleted=4782093023300, DequeueBufferDuration=3963200, QueueBufferDuration=388200, GpuCompleted=4782093023300, SwapBuffersCompleted=4782086632000, DisplayPresentTime=34359738512, CommandSubmissionCompleted=4782076213600, 
02-25 15:26:06.833   780   848 D EGL_emulation: app_time_stats: avg=1060.33ms min=11.46ms max=5131.39ms count=5
02-25 15:26:06.843  7320  7320 I Choreographer: Skipped 86 frames!  The application may be doing too much work on its main thread.
02-25 15:26:06.884  1295  1853 I FontLog : Received query Noto Color Emoji Compat, URI content://com.google.android.gms.fonts [CONTEXT service_id=132 ]
02-25 15:26:06.885  1295  1853 I FontLog : Query [emojicompat-emoji-font] resolved to {Noto Color Emoji Compat, wdth 100.0, wght 400, ital 0.0, bestEffort false} [CONTEXT service_id=132 ]
02-25 15:26:06.887  1295  1853 I FontLog : Fetch {Noto Color Emoji Compat, wdth 100.0, wght 400, ital 0.0, bestEffort false} end status Status{statusCode=SUCCESS, resolution=null} [CONTEXT service_id=132 ]
02-25 15:26:06.905  1295  1853 I FontLog : Pulling font file for id = 20, cache size = 6 [CONTEXT service_id=132 ]
02-25 15:26:06.916  1295  1853 I FontLog : Pulling font file for id = 20, cache size = 6 [CONTEXT service_id=132 ]
02-25 15:26:06.932   556  1884 D CompatibilityChangeReporter: Compat change id reported: 214016041; UID 10192; state: ENABLED
02-25 15:26:06.933   556  1884 I ImeTracker: ninja.thesharp.mcpservermanager:fb5d24c: onRequestHide at ORIGIN_SERVER_HIDE_INPUT reason HIDE_UNSPECIFIED_WINDOW
02-25 15:26:06.933   556  1884 I ImeTracker: ninja.thesharp.mcpservermanager:fb5d24c: onCancelled at PHASE_SERVER_SHOULD_HIDE
02-25 15:26:06.937  1447  1447 I GoogleInputMethodService: GoogleInputMethodService.onFinishInput():3227 
02-25 15:26:06.941  1447  1447 I GoogleInputMethodService: GoogleInputMethodService.updateDeviceLockedStatus():2087 repeatCheckTimes = 0, unlocked = true
02-25 15:26:06.942  1447  1447 I GoogleInputMethodService: GoogleInputMethodService.onStartInput():1877 onStartInput(EditorInfo{inputType=0x0(NULL) imeOptions=0x0 privateImeOptions=null actionName=UNSPECIFIED actionLabel=null actionId=0 initialSelStart=-1 initialSelEnd=-1 initialCapsMode=0x0 hintText=null label=null packageName=ninja.thesharp.mcpservermanager fieldId=0 fieldName=null extras=null}, false)
02-25 15:26:06.942  1447  1447 I GoogleInputMethodService: GoogleInputMethodService.shouldHideHeaderOnInitialState():4008 ShouldHideHeaderOnInitialState = false
02-25 15:26:06.944  1447  1447 I GoogleInputMethodService: GoogleInputMethodService.updateDeviceLockedStatus():2087 repeatCheckTimes = 2, unlocked = true
02-25 15:26:06.958  1046  1821 D OneSearchSuggestProvider: Shut down the binder channel
02-25 15:26:06.960  1046  1727 I IPCThreadState: oneway function results for code 2 on binder at 0x7b2e789b5030 will be dropped but finished with status UNKNOWN_TRANSACTION
02-25 15:26:06.983  1046  1125 I ImeTracker: com.google.android.apps.nexuslauncher:a18edf13: onRequestHide at ORIGIN_CLIENT_HIDE_SOFT_INPUT reason HIDE_SOFT_INPUT
02-25 15:26:06.983  1046  1125 I ImeTracker: com.google.android.apps.nexuslauncher:a18edf13: onFailed at PHASE_CLIENT_VIEW_SERVED
02-25 15:26:07.164   780   832 W WindowOnBackDispatcher: sendCancelIfRunning: isInProgress=falsecallback=android.view.ViewRootImpl$$ExternalSyntheticLambda17@bafcbb
02-25 15:26:07.164   556  2180 D CoreBackPreview: Window{a629921 u0 Splash Screen ninja.thesharp.mcpservermanager EXITING}: Setting back callback null
02-25 15:26:07.166   556  2180 W InputManager-JNI: Input channel object 'a629921 Splash Screen ninja.thesharp.mcpservermanager (client)' was disposed without first being removed with the input manager!
02-25 15:26:08.054   780   780 D StatusBarIconController: ignoring old pipeline callbacks, because the new mobile icons are enabled
02-25 15:26:09.729   556  2180 D CompatibilityChangeReporter: Compat change id reported: 261072174; UID 10121; state: DISABLED
02-25 15:26:11.002  7320  7364 D ProfileInstaller: Installing profile for ninja.thesharp.mcpservermanager
02-25 15:26:11.484   556   649 D ActivityManager: freezing 1480 com.google.android.apps.wellbeing
02-25 15:26:12.509  1046  1046 D TaplEvents: TIS / TouchInteractionService.onInputEvent: MotionEvent { action=ACTION_DOWN, actionButton=0, id[0]=0, x[0]=1280.0, y[0]=959.0, toolType[0]=TOOL_TYPE_FINGER, buttonState=0, classification=NONE, metaState=0, flags=0x0, edgeFlags=0x0, pointerCount=1, historySize=0, eventTime=4787804, downTime=4787804, deviceId=-1, source=0x1002, displayId=0, eventId=-715408485 }
02-25 15:26:12.564  1046  1046 D TaplEvents: TIS / TouchInteractionService.onInputEvent: MotionEvent { action=ACTION_UP, actionButton=0, id[0]=0, x[0]=1280.0, y[0]=959.0, toolType[0]=TOOL_TYPE_FINGER, buttonState=0, classification=NONE, metaState=0, flags=0x0, edgeFlags=0x0, pointerCount=1, historySize=0, eventTime=4787804, downTime=4787804, deviceId=-1, source=0x1002, displayId=0, eventId=-240605329 }
02-25 15:26:12.762   556   649 D ActivityManager: freezing 2251 com.android.keychain
02-25 15:26:12.764   556   649 D ActivityManager: freezing 6229 com.android.settings
02-25 15:26:12.951   945  1182 D BtGatt.ScanManager: uid 10121 isForeground true scanMode -1
02-25 15:26:14.229   556   649 D ActivityManager: freezing 1313 com.google.android.permissioncontroller
02-25 15:26:18.054   780   780 D StatusBarIconController: ignoring old pipeline callbacks, because the new mobile icons are enabled
02-25 15:26:18.065   780   848 D EGL_emulation: app_time_stats: avg=616.39ms min=1.91ms max=10557.29ms count=18
02-25 15:26:23.245   556   698 E WifiStaIfaceAidlImpl: installApfPacketFilter failed with service-specific exception: android.os.ServiceSpecificException:  (code 4)
02-25 15:26:25.594   780   780 D StatusBarIconController: ignoring old pipeline callback because the new wifi icon is enabled
02-25 15:26:28.053   780   780 D StatusBarIconController: ignoring old pipeline callbacks, because the new mobile icons are enabled
02-25 15:26:28.602   780   780 D StatusBarIconController: ignoring old pipeline callback because the new wifi icon is enabled
02-25 15:26:30.383     0     0 I logd    : logdr: UID=2000 GID=2000 PID=7371 n tail=0 logMask=99 pid=0 start=0ns deadline=0ns
