--------- beginning of main
02-25 15:25:44.014  1046  1725 D EGL_emulation: app_time_stats: avg=998.90ms min=998.77ms max=999.04ms count=2
02-25 15:25:45.015  1046  1725 D EGL_emulation: app_time_stats: avg=1000.23ms min=1000.23ms max=1000.23ms count=1
02-25 15:25:46.017  1046  1725 D EGL_emulation: app_time_stats: avg=1001.34ms min=1001.34ms max=1001.34ms count=1
02-25 15:25:46.667  5605  5605 D BoundBrokerSvc: onBind: Intent { act=com.google.android.gms.safetynet.service.START pkg=com.google.android.gms }
02-25 15:25:46.667  5605  5605 D BoundBrokerSvc: Loading bound service for intent: Intent { act=com.google.android.gms.safetynet.service.START pkg=com.google.android.gms }
02-25 15:25:48.016  1046  1725 D EGL_emulation: app_time_stats: avg=998.99ms min=998.64ms max=999.34ms count=2
02-25 15:25:48.054   780   780 D StatusBarIconController: ignoring old pipeline callbacks, because the new mobile icons are enabled
02-25 15:25:48.753  5605  5605 D BoundBrokerSvc: onUnbind: Intent { act=com.google.android.gms.feedback.internal.IFeedbackService dat=chimera-action:/... cmp=com.google.android.gms/.chimera.GmsBoundBrokerService }
02-25 15:25:50.015  1046  1725 D EGL_emulation: app_time_stats: avg=999.51ms min=998.95ms max=1000.07ms count=2
02-25 15:25:51.018  1046  1725 D EGL_emulation: app_time_stats: avg=1002.54ms min=1002.54ms max=1002.54ms count=1
--------- beginning of system
02-25 15:25:52.389   556  2178 I ActivityManager: Force stopping ninja.thesharp.mcpservermanager appid=10192 user=0: from pid 7182
02-25 15:25:52.391   556  2178 W ProcessStats: Tracking association SourceState{8c64a4c com.google.android.googlequicksearchbox:search/10123 BTop #7692} whose proc state 2 is better than process ProcessState{86f0d43 com.google.android.gms.persistent/10121 pkg=com.google.android.gms} proc state 4 (99 skipped)
02-25 15:25:52.392   556  2178 I AppsFilter: interaction: PackageSetting{2315a21 ninja.thesharp.requesttracker/10188} -> PackageSetting{adf0d8d ninja.thesharp.mcpservermanager/10192} BLOCKED
02-25 15:25:52.393   556  2178 I AppsFilter: interaction: PackageSetting{eff9e46 com.companyname.remoteagent.app/10190} -> PackageSetting{adf0d8d ninja.thesharp.mcpservermanager/10192} BLOCKED
02-25 15:25:52.405   986   986 D CarrierSvcBindHelper: onHandleForceStop: [ninja.thesharp.mcpservermanager]
02-25 15:25:52.405   986   986 D CarrierSvcBindHelper: No carrier app for: 0
02-25 15:25:52.472   556  2178 I ActivityManager: Force stopping ninja.thesharp.mcpservermanager appid=10192 user=0: clear data
02-25 15:25:52.476   556   589 I ActivityManager: Force stopping ninja.thesharp.mcpservermanager appid=10192 user=-1: clearApplicationUserData
02-25 15:25:52.477   556   589 E libprocessgroup: No such cgroup attribute: /sys/fs/cgroup/uid_-89808/cgroup.freeze
02-25 15:25:52.477   556   589 W libprocessgroup: Failed to apply Frozen process profile: No such file or directory
02-25 15:25:52.480   556   589 E libprocessgroup: No such cgroup attribute: /sys/fs/cgroup/uid_-89808/cgroup.freeze
02-25 15:25:52.480   556   589 W libprocessgroup: Failed to apply Unfrozen process profile: No such file or directory
02-25 15:25:52.480   556  1645 E TaskPersister: File error accessing recents directory (directory doesn't exist?).
--------- beginning of kernel
02-25 15:25:52.492     0     0 I servicemanager: Since 'artd' could not be found, trying to start it as a lazy AIDL service. (if it's not configured to be a lazy service, it may be stuck starting or still starting).
02-25 15:25:52.495     0     0 I init    : starting service 'artd'...
02-25 15:25:52.527     0     0 I init    : ... started service 'artd' has pid 7191
02-25 15:25:52.528     0     0 I init    : Control message: Processed ctl.interface_start for 'aidl/artd' from pid: 158 (/system/bin/servicemanager)
02-25 15:25:52.562  7191  7191 I artd    : Starting artd
02-25 15:25:52.563  7191  7191 I AidlLazyServiceRegistrar: Registering service artd
02-25 15:25:52.550     0     0 I BpBinder: onLastStrongRef automatically unlinking death recipients:
02-25 15:25:52.553     0     0 I servicemanager: Notifying artd they do (previously: don't) have clients when service is guaranteed to be in use
02-25 15:25:52.569  7191  7193 I AidlLazyServiceRegistrar: Process has 1 (of 1 available) client(s) in use after notification artd has clients: 1
02-25 15:25:52.576   556   619 I AppsFilter: interaction: PackageSetting{2315a21 ninja.thesharp.requesttracker/10188} -> PackageSetting{adf0d8d ninja.thesharp.mcpservermanager/10192} BLOCKED
02-25 15:25:52.576   556   619 I AppsFilter: interaction: PackageSetting{eff9e46 com.companyname.remoteagent.app/10190} -> PackageSetting{adf0d8d ninja.thesharp.mcpservermanager/10192} BLOCKED
02-25 15:25:52.579   556   619 I AppsFilter: interaction: PackageSetting{2315a21 ninja.thesharp.requesttracker/10188} -> PackageSetting{adf0d8d ninja.thesharp.mcpservermanager/10192} BLOCKED
02-25 15:25:52.579   556   619 I AppsFilter: interaction: PackageSetting{eff9e46 com.companyname.remoteagent.app/10190} -> PackageSetting{adf0d8d ninja.thesharp.mcpservermanager/10192} BLOCKED
02-25 15:25:52.594   986   986 D CarrierSvcBindHelper: onHandleForceStop: [ninja.thesharp.mcpservermanager]
02-25 15:25:52.595   986   986 D CarrierSvcBindHelper: No carrier app for: 0
02-25 15:25:52.617  5800  5800 I ProvidersCache: Updating roots due to change on user 0at content://com.android.providers.media.documents/root
02-25 15:25:52.619   556   589 D ActivityManager: sync unfroze 5800 com.google.android.documentsui for 3
02-25 15:25:52.625   945   945 V MediaPlayerList: mPackageChangedBroadcastReceiver: action: android.intent.action.PACKAGE_DATA_CLEARED
02-25 15:25:52.625   945   945 V MediaPlayerList: mPackageChangedBroadcastReceiver: action: android.intent.action.PACKAGE_DATA_CLEARED
02-25 15:25:52.643   556   589 D ActivityManager: sync unfroze 4345 com.google.android.adservices.api for 3
02-25 15:25:52.655   556   590 D CompatibilityChangeReporter: Compat change id reported: 143937733; UID 10140; state: ENABLED
02-25 15:25:52.662   356   356 D Zygote  : Forked child process 7209
02-25 15:25:52.666   556   590 I ActivityManager: Start proc 7209:com.google.android.apps.docs/u0a140 for content provider {com.google.android.apps.docs/com.google.android.apps.docs.common.storagebackend.StorageBackendContentProvider}
02-25 15:25:52.678   556  2167 D SafetySourceDataValidator: No cert check requested for package com.google.android.permissioncontroller
02-25 15:25:52.700  1931  1957 W .android.chrome: Reducing the number of considered missed Gc histogram windows from 280 to 100
02-25 15:25:52.709  1584  2658 I MediaProvider: Begin Intent { act=android.intent.action.PACKAGE_DATA_CLEARED dat=package: flg=0x5000010 cmp=com.google.android.providers.media.module/com.android.providers.media.MediaService (has extras) }
02-25 15:25:52.711  1313  1313 D PersistedStoragePackageUninstalledReceiver: Received android.intent.action.PACKAGE_DATA_CLEARED for ninja.thesharp.mcpservermanager for u0
02-25 15:25:52.716  1584  2658 D MediaProvider: Deleted 0 Android/media items belonging to ninja.thesharp.mcpservermanager on /data/user/0/com.google.android.providers.media.module/databases/external.db
02-25 15:25:52.718  7209  7209 I droid.apps.docs: Using CollectorTypeCC GC.
02-25 15:25:52.722  7209  7209 W droid.apps.docs: Unexpected CPU variant for x86: x86_64.
02-25 15:25:52.722  7209  7209 W droid.apps.docs: Known variants: atom, sandybridge, silvermont, goldmont, goldmont-plus, tremont, kabylake, default
02-25 15:25:52.727  1584  2658 D MediaGrants: Removed 0 media_grants for 0 user for ninja.thesharp.mcpservermanager. Reason: Package orphaned
02-25 15:25:52.728  1295  7211 I Fitness : FitCleanupIntentOperation received Intent android.intent.action.PACKAGE_DATA_CLEARED [CONTEXT service_id=17 ]
02-25 15:25:52.734  1584  2658 I MediaProvider: End Intent { act=android.intent.action.PACKAGE_DATA_CLEARED dat=package: flg=0x5000010 cmp=com.google.android.providers.media.module/com.android.providers.media.MediaService (has extras) }
02-25 15:25:52.749  7209  7209 E droid.apps.docs: Not starting debugger since process cannot load the jdwp agent.
02-25 15:25:52.764  5605  5649 I Icing   : doRemovePackageData ninja.thesharp.mcpservermanager
02-25 15:25:52.800   556  2178 D CompatibilityChangeReporter: Compat change id reported: 168419799; UID 10140; state: DISABLED
02-25 15:25:52.801   556  2178 D CompatibilityChangeReporter: Compat change id reported: 273564678; UID 10140; state: DISABLED
02-25 15:25:52.811   556   641 D CompatibilityChangeReporter: Compat change id reported: 265195908; UID 10140; state: ENABLED
02-25 15:25:52.833  7209  7209 D CompatibilityChangeReporter: Compat change id reported: 171979766; UID 10140; state: ENABLED
02-25 15:25:52.833  7209  7209 D CompatibilityChangeReporter: Compat change id reported: 242716250; UID 10140; state: DISABLED
02-25 15:25:52.838   556  2178 D CompatibilityChangeReporter: Compat change id reported: 170503758; UID 10140; state: ENABLED
02-25 15:25:52.852  7209  7209 D nativeloader: Configuring clns-6 for other apk /system/framework/org.apache.http.legacy.jar. target_sdk_version=33, uses_libraries=ALL, library_path=/product/app/Drive/lib/x86_64:/product/app/Drive/Drive.apk!/lib/x86_64, permitted_path=/data:/mnt/expand:/data/user/0/com.google.android.apps.docs
02-25 15:25:52.854  7209  7209 D ApplicationLoaders: Returning zygote-cached class loader: /system_ext/framework/androidx.window.extensions.jar
02-25 15:25:52.855  7209  7209 D ApplicationLoaders: Returning zygote-cached class loader: /system_ext/framework/androidx.window.sidecar.jar
02-25 15:25:52.889  7209  7209 D nativeloader: InitLlndkLibrariesProduct: libEGL.so:libGLESv1_CM.so:libGLESv2.so:libGLESv3.so:libRS.so:libandroid_net.so:libbinder_ndk.so:libc.so:libcgrouprc.so:libclang_rt.asan-x86_64-android.so:libcom.android.tethering.connectivity_native.so:libdl.so:libft2.so:liblog.so:libm.so:libmediandk.so:libnativewindow.so:libneuralnetworks.so:libselinux.so:libsync.so:libvndksupport.so:libvulkan.so
02-25 15:25:52.889  7209  7209 D nativeloader: Configuring product-clns-7 for unbundled product apk /product/app/Drive/Drive.apk. target_sdk_version=33, uses_libraries=, library_path=/product/app/Drive/lib/x86_64:/product/app/Drive/Drive.apk!/lib/x86_64:/product/lib64:/system/product/lib64, permitted_path=/data:/mnt/expand:/data/user/0/com.google.android.apps.docs:/product/lib64:/system/product/lib64
02-25 15:25:52.891  7209  7209 D nativeloader: InitVndkspLibrariesProduct: android.hardware.common-V2-ndk.so:android.hardware.common.fmq-V1-ndk.so:android.hardware.graphics.allocator-V2-ndk.so:android.hardware.graphics.common-V4-ndk.so:android.hardware.graphics.common@1.0.so:android.hardware.graphics.common@1.1.so:android.hardware.graphics.common@1.2.so:android.hardware.graphics.composer3-V1-ndk.so:android.hardware.graphics.mapper@2.0.so:android.hardware.graphics.mapper@2.1.so:android.hardware.graphics.mapper@3.0.so:android.hardware.graphics.mapper@4.0.so:android.hardware.renderscript@1.0.so:android.hidl.memory.token@1.0.so:android.hidl.memory@1.0-impl.so:android.hidl.memory@1.0.so:android.hidl.safe_union@1.0.so:libRSCpuRef.so:libRSDriver.so:libRS_internal.so:libbase.so:libbcinfo.so:libblas.so:libc++.so:libcompiler_rt.so:libcutils.so:libdmabufheap.so:libgralloctypes.so:libhardware.so:libhidlbase.so:libhidlmemory.so:libion.so:libjsoncpp.so:liblzma.so:libprocessgroup.so:libunwindstack.so:libutils.so:libutilscallstack.so:libz.so
02-25 15:25:52.912  7209  7209 V GraphicsEnvironment: Currently set values for:
02-25 15:25:52.912  7209  7209 V GraphicsEnvironment:   angle_gl_driver_selection_pkgs=[]
02-25 15:25:52.912  7209  7209 V GraphicsEnvironment:   angle_gl_driver_selection_values=[]
02-25 15:25:52.913  7209  7209 V GraphicsEnvironment: ANGLE GameManagerService for com.google.android.apps.docs: false
02-25 15:25:52.913  7209  7209 V GraphicsEnvironment: com.google.android.apps.docs is not listed in per-application setting
02-25 15:25:52.913  7209  7209 V GraphicsEnvironment: Neither updatable production driver nor prerelease driver is supported.
02-25 15:25:53.015  1046  1725 D EGL_emulation: app_time_stats: avg=998.02ms min=997.20ms max=998.83ms count=2
02-25 15:25:53.024   556  2167 D CompatibilityChangeReporter: Compat change id reported: 161145287; UID 10140; state: DISABLED
02-25 15:25:53.042  7209  7243 W droid.apps.docs: Accessing hidden field Ljava/util/Collections$SynchronizedCollection;->mutex:Ljava/lang/Object; (max-target-o, reflection, denied)
02-25 15:25:53.043  7209  7243 W droid.apps.docs: Accessing hidden method Ljava/util/Collections$SynchronizedSet;-><init>(Ljava/util/Set;Ljava/lang/Object;)V (max-target-o, reflection, denied)
02-25 15:25:53.044  7209  7243 W droid.apps.docs: Accessing hidden method Ljava/util/Collections$SynchronizedCollection;-><init>(Ljava/util/Collection;Ljava/lang/Object;)V (max-target-o, reflection, denied)
02-25 15:25:53.051   556  2167 D CompatibilityChangeReporter: Compat change id reported: 261072174; UID 10140; state: DISABLED
02-25 15:25:53.094  7209  7246 D CompatibilityChangeReporter: Compat change id reported: 183155436; UID 10140; state: ENABLED
02-25 15:25:53.139   556  2167 D PackageManager: Instant App installer not found with android.intent.action.INSTALL_INSTANT_APP_PACKAGE
02-25 15:25:53.139   556  2167 D PackageManager: Clear ephemeral installer activity
02-25 15:25:53.145  7209  7250 W NativeCrashHandlerImpl: unable to load native_crash_handler_jni
02-25 15:25:53.145  7209  7250 W NativeCrashHandlerImpl: java.lang.UnsatisfiedLinkError: dlopen failed: library "libnative_crash_handler_jni.so" not found
02-25 15:25:53.145  7209  7250 W NativeCrashHandlerImpl: 	at java.lang.Runtime.loadLibrary0(Runtime.java:1082)
02-25 15:25:53.145  7209  7250 W NativeCrashHandlerImpl: 	at java.lang.Runtime.loadLibrary0(Runtime.java:1003)
02-25 15:25:53.145  7209  7250 W NativeCrashHandlerImpl: 	at java.lang.System.loadLibrary(System.java:1661)
02-25 15:25:53.145  7209  7250 W NativeCrashHandlerImpl: 	at com.google.android.libraries.performance.primes.metrics.crash.NativeCrashHandlerImpl.b(PG:2)
02-25 15:25:53.145  7209  7250 W NativeCrashHandlerImpl: 	at mxa.run(Unknown Source:4)
02-25 15:25:53.145  7209  7250 W NativeCrashHandlerImpl: 	at java.lang.Thread.run(Thread.java:1012)
02-25 15:25:53.151  7209  7259 W CacheStorage: cache doesn't exist
02-25 15:25:53.167  7209  7260 E DocsApplication: from onCreate Completable for sending summary about blocked SyncRequests
02-25 15:25:53.167  7209  7260 E DocsApplication: java.lang.IllegalStateException
02-25 15:25:53.167  7209  7260 E DocsApplication: 	at etr.h(PG:7)
02-25 15:25:53.167  7209  7260 E DocsApplication: 	at ehv.lambda$onCreate$4$com-google-android-apps-docs-DocsApplication(PG:36)
02-25 15:25:53.167  7209  7260 E DocsApplication: 	at dty.run(PG:1)
02-25 15:25:53.167  7209  7260 E DocsApplication: 	at sew.d(PG:3)
02-25 15:25:53.167  7209  7260 E DocsApplication: 	at scf.e(PG:1)
02-25 15:25:53.167  7209  7260 E DocsApplication: 	at sff$a.run(PG:1)
02-25 15:25:53.167  7209  7260 E DocsApplication: 	at scq$a.run(PG:2)
02-25 15:25:53.167  7209  7260 E DocsApplication: 	at sji.run(PG:2)
02-25 15:25:53.167  7209  7260 E DocsApplication: 	at sji.call(PG:1)
02-25 15:25:53.167  7209  7260 E DocsApplication: 	at java.util.concurrent.FutureTask.run(FutureTask.java:264)
02-25 15:25:53.167  7209  7260 E DocsApplication: 	at java.util.concurrent.ScheduledThreadPoolExecutor$ScheduledFutureTask.run(ScheduledThreadPoolExecutor.java:307)
02-25 15:25:53.167  7209  7260 E DocsApplication: 	at java.util.concurrent.ThreadPoolExecutor.runWorker(ThreadPoolExecutor.java:1145)
02-25 15:25:53.167  7209  7260 E DocsApplication: 	at java.util.concurrent.ThreadPoolExecutor$Worker.run(ThreadPoolExecutor.java:644)
02-25 15:25:53.167  7209  7260 E DocsApplication: 	at java.lang.Thread.run(Thread.java:1012)
02-25 15:25:53.247   556  2178 I ActivityManager: Flag disabled. Ignoring finishAttachApplication from uid: 10140. pid: 7209
02-25 15:25:53.254  1295  2718 I FontLog : Received query Noto Color Emoji Compat, URI content://com.google.android.gms.fonts [CONTEXT service_id=132 ]
02-25 15:25:53.255  1295  2718 I FontLog : Query [Noto Color Emoji Compat] resolved to {Noto Color Emoji Compat, wdth 100.0, wght 400, ital 0.0, bestEffort false} [CONTEXT service_id=132 ]
02-25 15:25:53.257  1295  2718 I FontLog : Fetch {Noto Color Emoji Compat, wdth 100.0, wght 400, ital 0.0, bestEffort false} end status Status{statusCode=SUCCESS, resolution=null} [CONTEXT service_id=132 ]
02-25 15:25:53.276  1295  2718 I FontLog : Pulling font file for id = 19, cache size = 5 [CONTEXT service_id=132 ]
02-25 15:25:53.310  1295  2726 I FontLog : Pulling font file for id = 19, cache size = 5 [CONTEXT service_id=132 ]
02-25 15:25:53.321  5800  7202 I ProvidersCache: Provider returned no roots. Possibly naughty: com.google.android.apps.docs.storage
02-25 15:25:53.332  5800  7200 W oid.documentsui: Long monitor contention with owner pool-10-thread-1 (7199) at void com.android.documentsui.roots.ProvidersCache$MultiProviderUpdateTask.handleDocumentsProvider(android.content.pm.ProviderInfo, com.android.documentsui.base.UserId)(ProvidersCache.java:645) waiters=2 in void com.android.documentsui.roots.ProvidersCache$MultiProviderUpdateTask.handleDocumentsProvider(android.content.pm.ProviderInfo, com.android.documentsui.base.UserId) for 699ms
02-25 15:25:53.335  5800  7203 W oid.documentsui: Long monitor contention with owner pool-10-thread-1 (7199) at void com.android.documentsui.roots.ProvidersCache$MultiProviderUpdateTask.handleDocumentsProvider(android.content.pm.ProviderInfo, com.android.documentsui.base.UserId)(ProvidersCache.java:645) waiters=3 in void com.android.documentsui.roots.ProvidersCache$MultiProviderUpdateTask.handleDocumentsProvider(android.content.pm.ProviderInfo, com.android.documentsui.base.UserId) for 707ms
02-25 15:25:53.337  5800  7204 W oid.documentsui: Long monitor contention with owner pool-10-thread-1 (7199) at void com.android.documentsui.roots.ProvidersCache$MultiProviderUpdateTask.handleDocumentsProvider(android.content.pm.ProviderInfo, com.android.documentsui.base.UserId)(ProvidersCache.java:645) waiters=4 in void com.android.documentsui.roots.ProvidersCache$MultiProviderUpdateTask.handleDocumentsProvider(android.content.pm.ProviderInfo, com.android.documentsui.base.UserId) for 709ms
02-25 15:25:53.422  7209  7237 E IPCThreadState: Binder transaction failure: 594917/29202/0
02-25 15:25:53.422  7209  7237 E JavaBinder: !!! FAILED BINDER TRANSACTION !!!  (parcel size = 440)
02-25 15:25:53.423  7209  7237 I ActivityThread: Removing dead content provider:android.content.ContentProviderProxy@6ea371a
02-25 15:25:53.423  7209  7243 E IPCThreadState: Binder transaction failure: 594923/29202/0
02-25 15:25:53.423  7209  7243 E JavaBinder: !!! FAILED BINDER TRANSACTION !!!  (parcel size = 496)
02-25 15:25:53.405     0     0 I binder  : 7237:7209 dead process or thread
02-25 15:25:53.406     0     0 I binder  : 7209:7237 transaction call to 1550:0 failed 594917/29202/0, size 440-16 line 3830
02-25 15:25:53.406     0     0 I binder  : 7243:7209 dead process or thread
02-25 15:25:53.408     0     0 I binder  : 7209:7243 transaction call to 1550:0 failed 594923/29202/0, size 496-16 line 3830
02-25 15:25:53.409     0     0 I binder  : 2167:556 dead process or thread
02-25 15:25:53.410     0     0 I binder  : 556:2167 transaction call to 1550:0 failed 594928/29202/0, size 0-0 line 3830
02-25 15:25:53.426   556  2167 E IPCThreadState: Binder transaction failure: 594928/29202/0
02-25 15:25:53.426   556  2167 I ActivityManager: Process com.google.process.gservices (pid 1550) early provider death
02-25 15:25:53.428   556  2167 I ActivityManager: Process com.google.process.gservices (pid 1550) has died: cch+45 CEM 
02-25 15:25:53.434   556  2167 W ActivityManager: ProcessRecord{8cae8bf 0:com.google.process.gservices/u0a121} is attached to a previous process 1550
02-25 15:25:53.436   556  2167 D CompatibilityChangeReporter: Compat change id reported: 135634846; UID 10121; state: DISABLED
02-25 15:25:53.438   556   591 I libprocessgroup: Successfully killed process cgroup uid 10121 pid 1550 in 9ms
02-25 15:25:53.440   356   356 I Zygote  : Process 1550 exited due to signal 9 (Killed)
02-25 15:25:53.443   556  2167 V ActivityManager: Got obituary of 1550:com.google.process.gservices
02-25 15:25:53.425     0     0 I binder  : undelivered transaction 538815, process died.
02-25 15:25:53.427     0     0 I binder  : undelivered transaction 588347, process died.
02-25 15:25:53.428     0     0 I binder  : undelivered transaction 588753, process died.
02-25 15:25:53.430     0     0 I binder  : undelivered transaction 538781, process died.
02-25 15:25:53.446   556   590 D CompatibilityChangeReporter: Compat change id reported: 143937733; UID 10121; state: ENABLED
02-25 15:25:53.452   356   356 D Zygote  : Forked child process 7276
02-25 15:25:53.454   556   590 I ActivityManager: Start proc 7276:com.google.process.gservices/u0a121 for content provider {com.google.android.gsf/com.google.android.gsf.gservices.GservicesProvider}
02-25 15:25:53.478  7276  7276 I ocess.gservices: Using CollectorTypeCC GC.
02-25 15:25:53.479  7276  7276 W ocess.gservices: Unexpected CPU variant for x86: x86_64.
02-25 15:25:53.479  7276  7276 W ocess.gservices: Known variants: atom, sandybridge, silvermont, goldmont, goldmont-plus, tremont, kabylake, default
02-25 15:25:53.484  7276  7276 E ocess.gservices: Not starting debugger since process cannot load the jdwp agent.
02-25 15:25:53.497   556  1113 D CompatibilityChangeReporter: Compat change id reported: 168419799; UID 10121; state: DISABLED
02-25 15:25:53.497   556  1113 D CompatibilityChangeReporter: Compat change id reported: 273564678; UID 10121; state: DISABLED
02-25 15:25:53.525  7276  7276 D CompatibilityChangeReporter: Compat change id reported: 171979766; UID 10121; state: ENABLED
02-25 15:25:53.526  7276  7276 D CompatibilityChangeReporter: Compat change id reported: 242716250; UID 10121; state: ENABLED
02-25 15:25:53.528   556  1113 D CompatibilityChangeReporter: Compat change id reported: 170503758; UID 10121; state: ENABLED
02-25 15:25:53.532  7276  7276 D nativeloader: Configuring clns-shared-6 for other apk /system/framework/org.apache.http.legacy.jar. target_sdk_version=34, uses_libraries=ALL, library_path=/system_ext/priv-app/GoogleServicesFramework/lib/x86_64:/system_ext/priv-app/GoogleServicesFramework/GoogleServicesFramework.apk!/lib/x86_64:/system/lib64:/system_ext/lib64, permitted_path=/data:/mnt/expand:/data/user/0/com.google.android.gsf:/system_ext/priv-app/GoogleServicesFramework:/system/lib64:/system_ext/lib64
02-25 15:25:53.542  7276  7276 D nativeloader: Configuring clns-shared-7 for other apk /system_ext/priv-app/GoogleServicesFramework/GoogleServicesFramework.apk. target_sdk_version=34, uses_libraries=, library_path=/system_ext/priv-app/GoogleServicesFramework/lib/x86_64:/system_ext/priv-app/GoogleServicesFramework/GoogleServicesFramework.apk!/lib/x86_64:/system/lib64:/system_ext/lib64, permitted_path=/data:/mnt/expand:/data/user/0/com.google.android.gsf:/system_ext/priv-app/GoogleServicesFramework:/system/lib64:/system_ext/lib64
02-25 15:25:53.557  7276  7276 V GraphicsEnvironment: Currently set values for:
02-25 15:25:53.557  7276  7276 V GraphicsEnvironment:   angle_gl_driver_selection_pkgs=[]
02-25 15:25:53.558  7276  7276 V GraphicsEnvironment:   angle_gl_driver_selection_values=[]
02-25 15:25:53.559  7276  7276 V GraphicsEnvironment: ANGLE GameManagerService for com.google.android.gsf: false
02-25 15:25:53.559  7276  7276 V GraphicsEnvironment: com.google.android.gsf is not listed in per-application setting
02-25 15:25:53.559  7276  7276 V GraphicsEnvironment: Neither updatable production driver nor prerelease driver is supported.
02-25 15:25:53.584  7276  7276 I GservicesProvider: Gservices pushing to system: true; secure/global: true
02-25 15:25:53.597   556  1113 D CompatibilityChangeReporter: Compat change id reported: 261072174; UID 10121; state: ENABLED
02-25 15:25:53.602  5605  5605 D BoundBrokerSvc: onBind: Intent { act=com.google.android.gms.gservices.START pkg=com.google.android.gms }
02-25 15:25:53.602  5605  5605 D BoundBrokerSvc: Loading bound service for intent: Intent { act=com.google.android.gms.gservices.START pkg=com.google.android.gms }
02-25 15:25:53.637   556  1113 I ActivityManager: Flag disabled. Ignoring finishAttachApplication from uid: 10121. pid: 7276
02-25 15:25:53.648  7209  7237 W gel     : (Possibly expected) - Error changing state for com.google.android.apps.docs.drive.directsharing.ChooserTargetService
02-25 15:25:53.659  7209  7237 W gel     : (Possibly expected) - Error changing state for com.google.android.apps.docs.drive.directsharing.ChooserTargetService
02-25 15:25:53.663   556  1113 D PackageManager: Instant App installer not found with android.intent.action.INSTALL_INSTANT_APP_PACKAGE
02-25 15:25:53.663   556  1113 D PackageManager: Clear ephemeral installer activity
02-25 15:25:53.673  7209  7237 W gel     : (Possibly expected) - Error changing state for com.google.android.apps.docs.editors.shared.documentcreation.WidgetDocumentCreatorActivity
02-25 15:25:53.674  7209  7237 W gel     : (Possibly expected) - Error changing state for com.google.android.apps.docs.editors.shared.documentcreation.WidgetDocumentCreatorActivity
02-25 15:25:53.676  7209  7237 W gel     : (Possibly expected) - Error changing state for com.google.android.apps.docs.editors.shared.documentcreation.ExternalDocumentCreatorActivity
02-25 15:25:53.676  7209  7237 W gel     : (Possibly expected) - Error changing state for com.google.android.apps.docs.editors.shared.documentcreation.ExternalDocumentCreatorActivity
02-25 15:25:53.678  7209  7237 W gel     : (Possibly expected) - Error changing state for com.google.android.apps.docs.editors.shared.widgets.NewDocumentWidgetActivity
02-25 15:25:53.678  7209  7237 W gel     : (Possibly expected) - Error changing state for com.google.android.apps.docs.editors.shared.widgets.NewDocumentWidgetActivity
02-25 15:25:53.682  7209  7237 W gel     : (Possibly expected) - Error changing state for com.google.android.apps.docs.editors.shared.export.FileContentProvider
02-25 15:25:53.683  7209  7237 W gel     : (Possibly expected) - Error changing state for com.google.android.apps.docs.editors.shared.export.FileContentProvider
02-25 15:25:53.686  7209  7237 W gel     : (Possibly expected) - Error changing state for com.google.android.apps.docs.editors.shared.copypaste.AndroidClipboardContentProvider
02-25 15:25:53.686  7209  7237 W gel     : (Possibly expected) - Error changing state for com.google.android.apps.docs.editors.shared.copypaste.AndroidClipboardContentProvider
02-25 15:25:53.688  7209  7237 W gel     : (Possibly expected) - Error changing state for com.google.android.apps.docs.editors.shared.copypaste.AndroidImageContentProvider
02-25 15:25:53.689  7209  7237 W gel     : (Possibly expected) - Error changing state for com.google.android.apps.docs.editors.shared.copypaste.AndroidImageContentProvider
02-25 15:25:53.689  7209  7237 W gel     : (Possibly expected) - Error changing state for com.google.android.apps.docs.editors.shared.inserttool.clipboard.InsertToolClipboardContentProvider
02-25 15:25:53.690  7209  7237 W gel     : (Possibly expected) - Error changing state for com.google.android.apps.docs.editors.shared.inserttool.clipboard.InsertToolClipboardContentProvider
02-25 15:25:53.690  7209  7237 W gel     : (Possibly expected) - Error changing state for com.google.android.apps.docs.editors.shared.inserttool.clipboard.InsertToolImageContentProvider
02-25 15:25:53.691  7209  7237 W gel     : (Possibly expected) - Error changing state for com.google.android.apps.docs.editors.shared.inserttool.clipboard.InsertToolImageContentProvider
02-25 15:25:53.691  7209  7237 W gel     : (Possibly expected) - Error changing state for com.google.android.apps.docs.editors.kix.conversion.KixOnlineImportActivity
02-25 15:25:53.692  7209  7237 W gel     : (Possibly expected) - Error changing state for com.google.android.apps.docs.editors.kix.conversion.KixOnlineImportActivity
02-25 15:25:53.692  7209  7237 W gel     : (Possibly expected) - Error changing state for com.google.android.apps.docs.editors.ritz.conversion.RitzOnlineImportActivity
02-25 15:25:53.693  7209  7237 W gel     : (Possibly expected) - Error changing state for com.google.android.apps.docs.editors.ritz.conversion.RitzOnlineImportActivity
02-25 15:25:53.693  7209  7237 W gel     : (Possibly expected) - Error changing state for com.google.android.apps.docs.editors.punch.conversion.PunchOnlineImportActivity
02-25 15:25:53.694  7209  7237 W gel     : (Possibly expected) - Error changing state for com.google.android.apps.docs.editors.punch.conversion.PunchOnlineImportActivity
02-25 15:25:53.708   556   645 W CpuMonitorService: Current CPU frequency (3699581) is greater than maximum CPU frequency (2) for policy ID (0). Skipping CPU frequency policy
02-25 15:25:53.709   556   645 W CpuMonitorService: Current CPU frequency (3699494) is greater than maximum CPU frequency (2) for policy ID (1). Skipping CPU frequency policy
02-25 15:25:53.709   556   645 W CpuMonitorService: Current CPU frequency (3694824) is greater than maximum CPU frequency (2) for policy ID (2). Skipping CPU frequency policy
02-25 15:25:53.709   556   645 W CpuMonitorService: Current CPU frequency (3670342) is greater than maximum CPU frequency (2) for policy ID (3). Skipping CPU frequency policy
02-25 15:25:54.016  1046  1725 D EGL_emulation: app_time_stats: avg=999.82ms min=999.82ms max=999.82ms count=1
02-25 15:25:54.143   556   619 I AppsFilter: interaction: PackageSetting{adf0d8d ninja.thesharp.mcpservermanager/10192} -> PackageSetting{1392bf8 com.google.android.apps.docs/10140} BLOCKED
02-25 15:25:54.144   556   619 I AppsFilter: interaction: PackageSetting{2315a21 ninja.thesharp.requesttracker/10188} -> PackageSetting{1392bf8 com.google.android.apps.docs/10140} BLOCKED
02-25 15:25:54.144   556   619 I AppsFilter: interaction: PackageSetting{eff9e46 com.companyname.remoteagent.app/10190} -> PackageSetting{1392bf8 com.google.android.apps.docs/10140} BLOCKED
02-25 15:25:54.150   556   641 D CompatibilityChangeReporter: Compat change id reported: 218533173; UID 10140; state: ENABLED
02-25 15:25:54.151   556   641 D CompatibilityChangeReporter: Compat change id reported: 262645982; UID 10140; state: DISABLED
02-25 15:25:54.172   986   986 D CarrierSvcBindHelper: onPackageModified: com.google.android.apps.docs
02-25 15:25:54.172   556   660 I InputReader: Reconfiguring input devices, changes=KEYBOARD_LAYOUTS
02-25 15:25:54.172   986   986 D CarrierSvcBindHelper: No carrier app for: 0
02-25 15:25:54.176   945   945 V MediaPlayerList: mPackageChangedBroadcastReceiver: action: android.intent.action.PACKAGE_CHANGED
02-25 15:25:54.176   945   945 V MediaPlayerList: mPackageChangedBroadcastReceiver: action: android.intent.action.PACKAGE_CHANGED
02-25 15:25:54.201   780   846 D StylusManager: Stylus InputDevice changed: 14 virtio_input_multi_touch_11
02-25 15:25:54.203  1313  6869 I PermissionControllerServiceImpl: Updating user sensitive for uid 10140
02-25 15:25:54.212   556   588 D AppWidgetServiceImpl: Provider info from ComponentInfo{com.google.android.apps.docs/com.google.android.apps.docs.drive.widget.suggestion.SuggestionAppWidgetProvider} won't be persisted.
02-25 15:25:54.213   556   588 D AppWidgetServiceImpl: Provider info from ComponentInfo{com.google.android.apps.docs/com.google.android.apps.docs.drive.widget.CakemixAppWidgetProvider} won't be persisted.
02-25 15:25:54.213   780   780 D ControlsListingControllerImpl: ServiceConfig reloaded, count: 0
02-25 15:25:54.216   780   846 D StylusManager: Stylus InputDevice changed: 13 virtio_input_multi_touch_10
02-25 15:25:54.218   986  1239 D ImsResolver: maybeAddedImsService, packageName: com.google.android.apps.docs
02-25 15:25:54.220   780   846 D StylusManager: Stylus InputDevice changed: 2 AT Translated Set 2 keyboard
02-25 15:25:54.222   780   846 D StylusManager: Stylus InputDevice changed: 10 virtio_input_multi_touch_7
02-25 15:25:54.223   780   846 D StylusManager: Stylus InputDevice changed: 9 virtio_input_multi_touch_6
02-25 15:25:54.224   556   588 E system_server: No package ID 7f found for resource ID 0x7f0802fa.
02-25 15:25:54.224   556   588 E system_server: No package ID 7f found for resource ID 0x7f13066f.
02-25 15:25:54.225   556   588 E system_server: No package ID 7f found for resource ID 0x7f13066f.
02-25 15:25:54.225   780   846 D StylusManager: Stylus InputDevice changed: 11 virtio_input_multi_touch_8
02-25 15:25:54.225   556   588 E system_server: No package ID 7f found for resource ID 0x7f0802f6.
02-25 15:25:54.226   556   588 E system_server: No package ID 7f found for resource ID 0x7f13066d.
02-25 15:25:54.226   556   588 E system_server: No package ID 7f found for resource ID 0x7f13066d.
02-25 15:25:54.226   780   846 D StylusManager: Stylus InputDevice changed: 12 virtio_input_multi_touch_9
02-25 15:25:54.226   556   588 E system_server: No package ID 7f found for resource ID 0x7f0802f8.
02-25 15:25:54.227   556   588 E system_server: No package ID 7f found for resource ID 0x7f13066e.
02-25 15:25:54.227   780   846 D StylusManager: Stylus InputDevice changed: 8 virtio_input_multi_touch_5
02-25 15:25:54.227   556   588 E system_server: No package ID 7f found for resource ID 0x7f13066e.
02-25 15:25:54.228   556   588 W ShortcutService: Invalid tag 'capability' found at depth 2
02-25 15:25:54.228   780   846 D StylusManager: Stylus InputDevice changed: 6 virtio_input_multi_touch_3
02-25 15:25:54.228   556   588 E ShortcutService: Ignoring excessive intent tag.
02-25 15:25:54.228   556   588 W ShortcutService: Invalid tag 'parameter' found at depth 4
02-25 15:25:54.229   780   846 D StylusManager: Stylus InputDevice changed: 7 virtio_input_multi_touch_4
02-25 15:25:54.229   556   588 W ShortcutService: Invalid tag 'capability' found at depth 2
02-25 15:25:54.229   556   588 W ShortcutService: Invalid tag 'slice' found at depth 3
02-25 15:25:54.229   780   846 D StylusManager: Stylus InputDevice changed: 5 virtio_input_multi_touch_2
02-25 15:25:54.229   556   588 W ShortcutService: Invalid tag 'url-template' found at depth 4
02-25 15:25:54.230   780   846 D StylusManager: Stylus InputDevice changed: 4 virtio_input_multi_touch_1
02-25 15:25:54.243  1568  1568 I AiAiEcho: AppFetcherImpl onPackageChanged com.google.android.apps.docs.
02-25 15:25:54.246  1568  7136 I AiAiEcho: AppIndexer Package:[com.google.android.apps.docs] UserProfile:[0] Enabled:[true].
02-25 15:25:54.246  1568  7136 I AiAiEcho: AppFetcherImplV2 updateApps package:[com.google.android.apps.docs], userId:[0], reason:[package is updated.].
02-25 15:25:54.350  1046  1725 D EGL_emulation: app_time_stats: avg=8172.93ms min=26.59ms max=24463.13ms count=3
02-25 15:25:54.666   556  2167 D CompatibilityChangeReporter: Compat change id reported: 161252188; UID 10140; state: DISABLED
02-25 15:25:54.674  1295  7213 I Fitness : OnPackageChangedOperation got intent: Intent { act=android.intent.action.PACKAGE_CHANGED dat=package: flg=0x45000010 pkg=com.google.android.gms cmp=com.google.android.gms/.chimera.PersistentIntentOperationService (has extras) } [CONTEXT service_id=17 ]
02-25 15:25:54.703  1295  7213 I Fitness : FitCleanupIntentOperation received Intent android.intent.action.PACKAGE_CHANGED [CONTEXT service_id=17 ]
02-25 15:25:54.709  1295  1392 W ChimeraUtils: Module com.google.android.gms.nearby_en missing resource null(0)
02-25 15:25:54.712  1295  1392 W ChimeraUtils: Module com.google.android.gms.nearby_en missing resource null(0)
02-25 15:25:54.733  5605  5643 I Icing   : IndexChimeraService.getServiceInterface callingPackage=com.google.android.gms componentName=AppsCorpus serviceId=36
02-25 15:25:54.761  5605  6015 I Icing   : Usage reports ok 0, Failed Usage reports 0, indexed 0, rejected 0
02-25 15:25:54.779  5605  6015 I Icing   : Indexing com.google.android.gms-apps from com.google.android.gms
02-25 15:25:54.786  5605  6015 I Icing   : Indexing done com.google.android.gms-apps
02-25 15:25:54.790  5605  5644 I Icing   : IndexChimeraService.getServiceInterface callingPackage=com.google.android.gms componentName=null serviceId=30
02-25 15:25:54.801  5605  6015 I Icing   : Usage reports ok 0, Failed Usage reports 0, indexed 0, rejected 0
02-25 15:25:55.018  1046  1725 D EGL_emulation: app_time_stats: avg=500.95ms min=329.98ms max=671.91ms count=2
02-25 15:25:56.142  7209  7251 W DynamiteModule: Local module descriptor class for com.google.android.gms.providerinstaller.dynamite not found.
02-25 15:25:56.151  1295  2730 W ProviderHelper: Unknown dynamite feature providerinstaller.dynamite
02-25 15:25:56.155  7209  7251 W ProviderInstaller: Failed to load providerinstaller module: No acceptable module com.google.android.gms.providerinstaller.dynamite found. Local version is 0 and remote version is 0.
02-25 15:25:56.224  7209  7251 D nativeloader: Configuring clns-8 for other apk /system/framework/com.android.media.remotedisplay.jar. target_sdk_version=33, uses_libraries=ALL, library_path=/product/priv-app/PrebuiltGmsCore/lib/x86_64:/product/priv-app/PrebuiltGmsCore/PrebuiltGmsCore.apk!/lib/x86_64, permitted_path=/data:/mnt/expand:/data/user/0/com.google.android.gms
02-25 15:25:56.231  7209  7251 D nativeloader: Configuring clns-9 for other apk /system/framework/com.android.location.provider.jar. target_sdk_version=33, uses_libraries=ALL, library_path=/product/priv-app/PrebuiltGmsCore/lib/x86_64:/product/priv-app/PrebuiltGmsCore/PrebuiltGmsCore.apk!/lib/x86_64, permitted_path=/data:/mnt/expand:/data/user/0/com.google.android.gms
02-25 15:25:56.231  7209  7251 D ApplicationLoaders: Returning zygote-cached class loader: /system_ext/framework/androidx.window.extensions.jar
02-25 15:25:56.232  7209  7251 D ApplicationLoaders: Returning zygote-cached class loader: /system_ext/framework/androidx.window.sidecar.jar
02-25 15:25:56.241  7209  7251 D nativeloader: Configuring product-clns-10 for unbundled product apk /product/priv-app/PrebuiltGmsCore/PrebuiltGmsCore.apk. target_sdk_version=33, uses_libraries=, library_path=/product/priv-app/PrebuiltGmsCore/lib/x86_64:/product/priv-app/PrebuiltGmsCore/PrebuiltGmsCore.apk!/lib/x86_64:/product/lib64:/system/product/lib64, permitted_path=/data:/mnt/expand:/data/user/0/com.google.android.gms:/product/lib64:/system/product/lib64
02-25 15:25:56.292  7209  7251 V NativeCrypto: Registering com/google/android/gms/org/conscrypt/NativeCrypto's 295 native methods...
02-25 15:25:56.345  7209  7251 I ProviderInstaller: Installed default security provider GmsCore_OpenSSL
02-25 15:25:57.014  1046  1725 D EGL_emulation: app_time_stats: avg=998.09ms min=996.45ms max=999.73ms count=2
02-25 15:25:58.015  1046  1725 D EGL_emulation: app_time_stats: avg=1000.06ms min=1000.06ms max=1000.06ms count=1
02-25 15:25:58.062   780   780 D StatusBarIconController: ignoring old pipeline callbacks, because the new mobile icons are enabled
02-25 15:25:58.065   780   848 D EGL_emulation: app_time_stats: avg=19998.82ms min=19998.82ms max=19998.82ms count=1
02-25 15:26:00.010  1568  1722 I AiAiEcho: Predicting[0]: 
02-25 15:26:00.010  1568  1722 I AiAiEcho: EchoTargets: 
02-25 15:26:00.010  1568  1722 I AiAiEcho: Filtered by AiAi flag check: 
02-25 15:26:00.011  1568  1722 I AiAiEcho: Ranked targets strategy: SORT, count: 0, ranking metadata: 
02-25 15:26:00.012  1568  1722 I AiAiEcho: #postPredictionTargets: Sending updates to UISurface lockscreen with targets# 0 (types=[])
02-25 15:26:00.015   780   848 D EGL_emulation: app_time_stats: avg=1949.42ms min=1949.42ms max=1949.42ms count=1
02-25 15:26:00.018  1046  1725 D EGL_emulation: app_time_stats: avg=1000.86ms min=997.76ms max=1003.95ms count=2
02-25 15:26:00.020   780   780 W PageIndicator: Total number of pages invalid: 0. Assuming 1 page.
02-25 15:26:00.767  7305  7305 D AndroidRuntime: >>>>>> START com.android.internal.os.RuntimeInit uid 2000 <<<<<<
02-25 15:26:00.773  7305  7305 I AndroidRuntime: Using default boot image
02-25 15:26:00.773  7305  7305 I AndroidRuntime: Leaving lock profiling enabled
02-25 15:26:00.777  7305  7305 I app_process: Core platform API reporting enabled, enforcing=false
02-25 15:26:00.778  7305  7305 I app_process: Using CollectorTypeCC GC.
02-25 15:26:00.948  7305  7305 D nativeloader: InitDefaultPublicLibraries for_preload=1: libandroid.so:libaaudio.so:libamidi.so:libbinder_ndk.so:libc.so:libcamera2ndk.so:libdl.so:libEGL.so:libGLESv1_CM.so:libGLESv2.so:libGLESv3.so:libicu.so:libicui18n.so:libicuuc.so:libjnigraphics.so:liblog.so:libmediandk.so:libm.so:libnativehelper.so:libnativewindow.so:libOpenMAXAL.so:libOpenSLES.so:libRS.so:libstdc++.so:libsync.so:libvulkan.so:libwebviewchromium_plat_support.so:libz.so
02-25 15:26:00.977  7305  7305 D app_process: Time zone APEX ICU file found: /apex/com.android.tzdata/etc/icu/icu_tzdata.dat
02-25 15:26:00.978  7305  7305 D app_process: I18n APEX ICU file found: /apex/com.android.i18n/etc/icu/icudt72l.dat
02-25 15:26:01.000  7305  7305 W app_process: Unexpected CPU variant for x86: x86_64.
02-25 15:26:01.000  7305  7305 W app_process: Known variants: atom, sandybridge, silvermont, goldmont, goldmont-plus, tremont, kabylake, default
02-25 15:26:01.050  7305  7305 W libc    : Access denied finding property "ro.product.name_for_attestation"
02-25 15:26:01.051  7305  7305 W libc    : Access denied finding property "ro.product.brand_for_attestation"
02-25 15:26:01.051  7305  7305 W libc    : Access denied finding property "ro.product.model_for_attestation"
02-25 15:26:01.047  7305  7305 W main    : type=1400 audit(0.0:392): avc:  denied  { read } for  name="u:object_r:build_attestation_prop:s0" dev="tmpfs" ino=85 scontext=u:r:shell:s0 tcontext=u:object_r:build_attestation_prop:s0 tclass=file permissive=0
02-25 15:26:01.054  7305  7305 D AndroidRuntime: Calling main entry com.android.commands.monkey.Monkey
02-25 15:26:01.047  7305  7305 W main    : type=1400 audit(0.0:393): avc:  denied  { read } for  name="u:object_r:build_attestation_prop:s0" dev="tmpfs" ino=85 scontext=u:r:shell:s0 tcontext=u:object_r:build_attestation_prop:s0 tclass=file permissive=0
02-25 15:26:01.055  7305  7305 W Monkey  : args: [-p, ninja.thesharp.mcpservermanager, -c, android.intent.category.LAUNCHER, 1]
02-25 15:26:01.056  7305  7305 W Monkey  :  arg: "-p"
02-25 15:26:01.057  7305  7305 W Monkey  :  arg: "ninja.thesharp.mcpservermanager"
02-25 15:26:01.057  7305  7305 W Monkey  :  arg: "-c"
02-25 15:26:01.051  7305  7305 W main    : type=1400 audit(0.0:394): avc:  denied  { read } for  name="u:object_r:build_attestation_prop:s0" dev="tmpfs" ino=85 scontext=u:r:shell:s0 tcontext=u:object_r:build_attestation_prop:s0 tclass=file permissive=0
02-25 15:26:01.058  7305  7305 W Monkey  :  arg: "android.intent.category.LAUNCHER"
02-25 15:26:01.058  7305  7305 W Monkey  :  arg: "1"
02-25 15:26:01.059  7305  7305 W Monkey  : data="ninja.thesharp.mcpservermanager"
02-25 15:26:01.059  7305  7305 W Monkey  : data="android.intent.category.LAUNCHER"
02-25 15:26:01.084   556  2180 W ActivityManager: registerReceiverWithFeature: no app for null
02-25 15:26:01.086  7305  7305 W System  : No Compatibility callbacks set! Querying change 263076149
02-25 15:26:01.087  7305  7305 W System  : No Compatibility callbacks set! Querying change 263076149
02-25 15:26:01.087  7305  7305 W System  : No Compatibility callbacks set! Querying change 263076149
02-25 15:26:01.094   556  2180 W ActivityTaskManager: callingPackage for (uid=2000, pid=7305) has no WPC
02-25 15:26:01.096   556  2180 D CompatibilityChangeReporter: Compat change id reported: 265464455; UID 10192; state: DISABLED
02-25 15:26:01.096   556  2180 D CompatibilityChangeReporter: Compat change id reported: 265452344; UID 10192; state: DISABLED
02-25 15:26:01.096   556  2180 D CompatibilityChangeReporter: Compat change id reported: 266124927; UID 10192; state: DISABLED
02-25 15:26:01.097   556  2180 D CompatibilityChangeReporter: Compat change id reported: 265451093; UID 10192; state: DISABLED
02-25 15:26:01.097   556  2180 D CompatibilityChangeReporter: Compat change id reported: 265456536; UID 10192; state: DISABLED
02-25 15:26:01.097   556  2180 D CompatibilityChangeReporter: Compat change id reported: 255940284; UID 10192; state: DISABLED
02-25 15:26:01.097   556  2180 D CompatibilityChangeReporter: Compat change id reported: 236283604; UID 10192; state: DISABLED
02-25 15:26:01.097   556  2180 D CompatibilityChangeReporter: Compat change id reported: 263959004; UID 10192; state: DISABLED
02-25 15:26:01.097   556  2180 D CompatibilityChangeReporter: Compat change id reported: 264304459; UID 10192; state: DISABLED
02-25 15:26:01.098   556  2180 D CompatibilityChangeReporter: Compat change id reported: 264301586; UID 10192; state: DISABLED
02-25 15:26:01.098   556  2180 D CompatibilityChangeReporter: Compat change id reported: 254631730; UID 10192; state: DISABLED
02-25 15:26:01.098   556  2180 D CompatibilityChangeReporter: Compat change id reported: 273509367; UID 10192; state: DISABLED
02-25 15:26:01.098   556  2180 D CompatibilityChangeReporter: Compat change id reported: 263259275; UID 10192; state: DISABLED
02-25 15:26:01.098   556  2180 D CompatibilityChangeReporter: Compat change id reported: 174042980; UID 10192; state: DISABLED
02-25 15:26:01.100   556  2180 D CompatibilityChangeReporter: Compat change id reported: 174042936; UID 10192; state: DISABLED
02-25 15:26:01.100   556  2180 D CompatibilityChangeReporter: Compat change id reported: 181136395; UID 10192; state: DISABLED
02-25 15:26:01.104   556  2180 D CompatibilityChangeReporter: Compat change id reported: 194480991; UID 10192; state: ENABLED
02-25 15:26:01.110   556  2180 D CompatibilityChangeReporter: Compat change id reported: 184838306; UID 10192; state: DISABLED
02-25 15:26:01.110   556  2180 D CompatibilityChangeReporter: Compat change id reported: 185004937; UID 10192; state: DISABLED
02-25 15:26:01.115   556  2180 V SplashScreenExceptionList: SplashScreen checking exception for package ninja.thesharp.mcpservermanager (target sdk:35) -> false
02-25 15:26:01.115   556  2180 D CompatibilityChangeReporter: Compat change id reported: 205907456; UID 10192; state: ENABLED
02-25 15:26:01.124   780   832 I incfs-mounts: [incfs] Loaded incremental-fs mount info: 2 instances, 4 mount points
02-25 15:26:01.125   780   805 V WindowManagerShell: Transition requested: android.os.BinderProxy@c2eb2af TransitionRequestInfo { type = OPEN, triggerTask = TaskInfo{userId=0 taskId=64 displayId=0 isRunning=true baseIntent=Intent { act=android.intent.action.MAIN cat=[android.intent.category.LAUNCHER] flg=0x10200000 cmp=ninja.thesharp.mcpservermanager/crc6402999668a8c33b1c.MainActivity } baseActivity=ComponentInfo{ninja.thesharp.mcpservermanager/crc6402999668a8c33b1c.MainActivity} topActivity=ComponentInfo{ninja.thesharp.mcpservermanager/crc6402999668a8c33b1c.MainActivity} origActivity=null realActivity=ComponentInfo{ninja.thesharp.mcpservermanager/crc6402999668a8c33b1c.MainActivity} numActivities=1 lastActiveTime=4776419 supportsMultiWindow=true resizeMode=1 isResizeable=true minWidth=-1 minHeight=-1 defaultMinSize=220 token=WCT{android.window.IWindowContainerToken$Stub$Proxy@cad96bc} topActivityType=1 pictureInPictureParams=null shouldDockBigOverlays=false launchIntoPipHostTaskId=-1 lastParentTaskIdBeforePip=-1 displayCutoutSafeInsets=null topActivityInfo=ActivityInfo{b3ea645 crc6402999668a8c33b1c.MainActivity} launchCookies=[] positionInParent=Point(0, 0) parentTaskId=-1 isFocused=false isVisible=false isVisibleRequested=false isSleeping=false topActivityInSizeCompat=false topActivityEligibleForLetterboxEducation= false topActivityLetterboxed= false isFromDoubleTap= false topActivityLetterboxVerticalPosition= -1 topActivityLetterboxHorizontalPosition= -1 topActivityLetterboxWidth=-1 topActivityLetterboxHeight=-1 locusId=null displayAreaFeatureId=1 cameraCompatControlState=hidden}, remoteTransition = null, displayChange = null }
02-25 15:26:01.126   556  2180 D CompatibilityChangeReporter: Compat change id reported: 194833441; UID 10192; state: ENABLED
02-25 15:26:01.126   556  2180 I ActivityTaskManager: START u0 {act=android.intent.action.MAIN cat=[android.intent.category.LAUNCHER] flg=0x10200000 cmp=ninja.thesharp.mcpservermanager/crc6402999668a8c33b1c.MainActivity} with LAUNCH_MULTIPLE from uid 2000 (BAL_ALLOW_PERMISSION) result code=0
02-25 15:26:01.129   556   580 D CompatibilityChangeReporter: Compat change id reported: 135634846; UID 10192; state: DISABLED
02-25 15:26:01.131  7305  7305 I Monkey  : Events injected: 1
02-25 15:26:01.133  1046  1046 D b/260135164: updateIconAlphaForHome - setIconsAlpha(0), isTaskbarPresent: true
02-25 15:26:01.136   556   590 D CompatibilityChangeReporter: Compat change id reported: 143937733; UID 10192; state: ENABLED
02-25 15:26:01.138  1046  1046 D b/260135164: updateIconAlphaForHome - setIconsAlpha(1), isTaskbarPresent: true
02-25 15:26:01.144   356   356 D Zygote  : Forked child process 7320
02-25 15:26:01.146   424   424 I BpBinder: onLastStrongRef automatically unlinking death recipients: 
02-25 15:26:01.146   556   590 I ActivityManager: Start proc 7320:ninja.thesharp.mcpservermanager/u0a192 for next-top-activity {ninja.thesharp.mcpservermanager/crc6402999668a8c33b1c.MainActivity}
02-25 15:26:01.158  1046  1725 D EGL_emulation: app_time_stats: avg=6806.69ms min=6806.69ms max=6806.69ms count=1
02-25 15:26:01.159   780   835 D SplashScreenView: Build android.window.SplashScreenView{bf7a59f V.E...... ......ID 0,0-0,0}
